Archive member included to satisfy reference by file (symbol)

C:/ST/STM32CubeIDE_1.19.0/STM32CubeIDE/plugins/com.st.stm32cube.ide.mcu.externaltools.gnu-tools-for-stm32.13.3.rel1.win32_1.0.0.202411081344/tools/bin/../lib/gcc/arm-none-eabi/13.3.1/../../../../arm-none-eabi/lib/thumb/v7e-m+fp/hard\libc_nano.a(libc_a-exit.o)
                              C:/ST/STM32CubeIDE_1.19.0/STM32CubeIDE/plugins/com.st.stm32cube.ide.mcu.externaltools.gnu-tools-for-stm32.13.3.rel1.win32_1.0.0.202411081344/tools/bin/../lib/gcc/arm-none-eabi/13.3.1/../../../../arm-none-eabi/lib/thumb/v7e-m+fp/hard/crt0.o (exit)
C:/ST/STM32CubeIDE_1.19.0/STM32CubeIDE/plugins/com.st.stm32cube.ide.mcu.externaltools.gnu-tools-for-stm32.13.3.rel1.win32_1.0.0.202411081344/tools/bin/../lib/gcc/arm-none-eabi/13.3.1/../../../../arm-none-eabi/lib/thumb/v7e-m+fp/hard\libc_nano.a(libc_a-findfp.o)
                              C:/ST/STM32CubeIDE_1.19.0/STM32CubeIDE/plugins/com.st.stm32cube.ide.mcu.externaltools.gnu-tools-for-stm32.13.3.rel1.win32_1.0.0.202411081344/tools/bin/../lib/gcc/arm-none-eabi/13.3.1/../../../../arm-none-eabi/lib/thumb/v7e-m+fp/hard\libc_nano.a(libc_a-exit.o) (__stdio_exit_handler)
C:/ST/STM32CubeIDE_1.19.0/STM32CubeIDE/plugins/com.st.stm32cube.ide.mcu.externaltools.gnu-tools-for-stm32.13.3.rel1.win32_1.0.0.202411081344/tools/bin/../lib/gcc/arm-none-eabi/13.3.1/../../../../arm-none-eabi/lib/thumb/v7e-m+fp/hard\libc_nano.a(libc_a-fwalk.o)
                              C:/ST/STM32CubeIDE_1.19.0/STM32CubeIDE/plugins/com.st.stm32cube.ide.mcu.externaltools.gnu-tools-for-stm32.13.3.rel1.win32_1.0.0.202411081344/tools/bin/../lib/gcc/arm-none-eabi/13.3.1/../../../../arm-none-eabi/lib/thumb/v7e-m+fp/hard\libc_nano.a(libc_a-findfp.o) (_fwalk_sglue)
C:/ST/STM32CubeIDE_1.19.0/STM32CubeIDE/plugins/com.st.stm32cube.ide.mcu.externaltools.gnu-tools-for-stm32.13.3.rel1.win32_1.0.0.202411081344/tools/bin/../lib/gcc/arm-none-eabi/13.3.1/../../../../arm-none-eabi/lib/thumb/v7e-m+fp/hard\libc_nano.a(libc_a-puts.o)
                              ./Core/Src/main.o (puts)
C:/ST/STM32CubeIDE_1.19.0/STM32CubeIDE/plugins/com.st.stm32cube.ide.mcu.externaltools.gnu-tools-for-stm32.13.3.rel1.win32_1.0.0.202411081344/tools/bin/../lib/gcc/arm-none-eabi/13.3.1/../../../../arm-none-eabi/lib/thumb/v7e-m+fp/hard\libc_nano.a(libc_a-stdio.o)
                              C:/ST/STM32CubeIDE_1.19.0/STM32CubeIDE/plugins/com.st.stm32cube.ide.mcu.externaltools.gnu-tools-for-stm32.13.3.rel1.win32_1.0.0.202411081344/tools/bin/../lib/gcc/arm-none-eabi/13.3.1/../../../../arm-none-eabi/lib/thumb/v7e-m+fp/hard\libc_nano.a(libc_a-findfp.o) (__sread)
C:/ST/STM32CubeIDE_1.19.0/STM32CubeIDE/plugins/com.st.stm32cube.ide.mcu.externaltools.gnu-tools-for-stm32.13.3.rel1.win32_1.0.0.202411081344/tools/bin/../lib/gcc/arm-none-eabi/13.3.1/../../../../arm-none-eabi/lib/thumb/v7e-m+fp/hard\libc_nano.a(libc_a-wbuf.o)
                              C:/ST/STM32CubeIDE_1.19.0/STM32CubeIDE/plugins/com.st.stm32cube.ide.mcu.externaltools.gnu-tools-for-stm32.13.3.rel1.win32_1.0.0.202411081344/tools/bin/../lib/gcc/arm-none-eabi/13.3.1/../../../../arm-none-eabi/lib/thumb/v7e-m+fp/hard\libc_nano.a(libc_a-puts.o) (__swbuf_r)
C:/ST/STM32CubeIDE_1.19.0/STM32CubeIDE/plugins/com.st.stm32cube.ide.mcu.externaltools.gnu-tools-for-stm32.13.3.rel1.win32_1.0.0.202411081344/tools/bin/../lib/gcc/arm-none-eabi/13.3.1/../../../../arm-none-eabi/lib/thumb/v7e-m+fp/hard\libc_nano.a(libc_a-wsetup.o)
                              C:/ST/STM32CubeIDE_1.19.0/STM32CubeIDE/plugins/com.st.stm32cube.ide.mcu.externaltools.gnu-tools-for-stm32.13.3.rel1.win32_1.0.0.202411081344/tools/bin/../lib/gcc/arm-none-eabi/13.3.1/../../../../arm-none-eabi/lib/thumb/v7e-m+fp/hard\libc_nano.a(libc_a-puts.o) (__swsetup_r)
C:/ST/STM32CubeIDE_1.19.0/STM32CubeIDE/plugins/com.st.stm32cube.ide.mcu.externaltools.gnu-tools-for-stm32.13.3.rel1.win32_1.0.0.202411081344/tools/bin/../lib/gcc/arm-none-eabi/13.3.1/../../../../arm-none-eabi/lib/thumb/v7e-m+fp/hard\libc_nano.a(libc_a-memset.o)
                              C:/ST/STM32CubeIDE_1.19.0/STM32CubeIDE/plugins/com.st.stm32cube.ide.mcu.externaltools.gnu-tools-for-stm32.13.3.rel1.win32_1.0.0.202411081344/tools/bin/../lib/gcc/arm-none-eabi/13.3.1/../../../../arm-none-eabi/lib/thumb/v7e-m+fp/hard/crt0.o (memset)
C:/ST/STM32CubeIDE_1.19.0/STM32CubeIDE/plugins/com.st.stm32cube.ide.mcu.externaltools.gnu-tools-for-stm32.13.3.rel1.win32_1.0.0.202411081344/tools/bin/../lib/gcc/arm-none-eabi/13.3.1/../../../../arm-none-eabi/lib/thumb/v7e-m+fp/hard\libc_nano.a(libc_a-closer.o)
                              C:/ST/STM32CubeIDE_1.19.0/STM32CubeIDE/plugins/com.st.stm32cube.ide.mcu.externaltools.gnu-tools-for-stm32.13.3.rel1.win32_1.0.0.202411081344/tools/bin/../lib/gcc/arm-none-eabi/13.3.1/../../../../arm-none-eabi/lib/thumb/v7e-m+fp/hard\libc_nano.a(libc_a-stdio.o) (_close_r)
[...]
Memory Configuration

Name             Origin             Length             Attributes
CCMRAM           0x10000000         0x00010000         xrw
RAM              0x20000000         0x00020000         xrw
FLASH            0x08000000         0x00100000         xr
*default*        0x00000000         0xffffffff

Linker script and memory map

LOAD C:/ST/STM32CubeIDE_1.19.0/STM32CubeIDE/plugins/com.st.stm32cube.ide.mcu.externaltools.gnu-tools-for-stm32.13.3.rel1.win32_1.0.0.202411081344/tools/bin/../lib/gcc/arm-none-eabi/13.3.1/thumb/v7e-m+fp/hard/crti.o
LOAD C:/ST/STM32CubeIDE_1.19.0/STM32CubeIDE/plugins/com.st.stm32cube.ide.mcu.externaltools.gnu-tools-for-stm32.13.3.rel1.win32_1.0.0.202411081344/tools/bin/../lib/gcc/arm-none-eabi/13.3.1/thumb/v7e-m+fp/hard/crtbegin.o
LOAD C:/ST/STM32CubeIDE_1.19.0/STM32CubeIDE/plugins/com.st.stm32cube.ide.mcu.externaltools.gnu-tools-for-stm32.13.3.rel1.win32_1.0.0.202411081344/tools/bin/../lib/gcc/arm-none-eabi/13.3.1/../../../../arm-none-eabi/lib/thumb/v7e-m+fp/hard/crt0.o
LOAD ./Core/Src/main.o
LOAD ./Core/Src/stm32f4xx_hal_msp.o
LOAD ./Core/Src/stm32f4xx_hal_timebase_tim.o
LOAD ./Core/Src/stm32f4xx_it.o
LOAD ./Core/Src/syscalls.o
LOAD ./Core/Src/system_stm32f4xx.o
LOAD ./Core/Startup/startup_stm32f407vgtx.o
LOAD ./Drivers/STM32F4xx_HAL_Driver/Src/stm32f4xx_hal.o
LOAD ./Drivers/STM32F4xx_HAL_Driver/Src/stm32f4xx_hal_cortex.o
LOAD ./Drivers/STM32F4xx_HAL_Driver/Src/stm32f4xx_hal_dma.o
LOAD ./Drivers/STM32F4xx_HAL_Driver/Src/stm32f4xx_hal_dma_ex.o
LOAD ./Drivers/STM32F4xx_HAL_Driver/Src/stm32f4xx_hal_exti.o
LOAD ./Drivers/STM32F4xx_HAL_Driver/Src/stm32f4xx_hal_flash.o
LOAD ./Drivers/STM32F4xx_HAL_Driver/Src/stm32f4xx_hal_flash_ex.o
LOAD ./Drivers/STM32F4xx_HAL_Driver/Src/stm32f4xx_hal_flash_ramfunc.o
LOAD ./Drivers/STM32F4xx_HAL_Driver/Src/stm32f4xx_hal_gpio.o
LOAD ./Drivers/STM32F4xx_HAL_Driver/Src/stm32f4xx_hal_pwr.o
LOAD ./Drivers/STM32F4xx_HAL_Driver/Src/stm32f4xx_hal_pwr_ex.o
LOAD ./Drivers/STM32F4xx_HAL_Driver/Src/stm32f4xx_hal_rcc.o
LOAD ./Drivers/STM32F4xx_HAL_Driver/Src/stm32f4xx_hal_rcc_ex.o
LOAD ./Drivers/STM32F4xx_HAL_Driver/Src/stm32f4xx_hal_tim.o
LOAD ./Drivers/STM32F4xx_HAL_Driver/Src/stm32f4xx_hal_tim_ex.o
LOAD ./ThirdParty/FreeRTOS-Kernel/croutine.o
LOAD ./ThirdParty/FreeRTOS-Kernel/event_groups.o
LOAD ./ThirdParty/FreeRTOS-Kernel/list.o
LOAD ./ThirdParty/FreeRTOS-Kernel/queue.o
LOAD ./ThirdParty/FreeRTOS-Kernel/stream_buffer.o
LOAD ./ThirdParty/FreeRTOS-Kernel/tasks.o
LOAD ./ThirdParty/FreeRTOS-Kernel/timers.o
LOAD ./ThirdParty/FreeRTOS-Kernel/portable/GCC/ARM_CM4F/port.o
LOAD ./ThirdParty/FreeRTOS-Kernel/portable/MemMang/heap_4.o
START GROUP
LOAD C:/ST/STM32CubeIDE_1.19.0/STM32CubeIDE/plugins/com.st.stm32cube.ide.mcu.externaltools.gnu-tools-for-stm32.13.3.rel1.win32_1.0.0.202411081344/tools/bin/../lib/gcc/arm-none-eabi/13.3.1/../../../../arm-none-eabi/lib/thumb/v7e-m+fp/hard\libc_nano.a
LOAD C:/ST/STM32CubeIDE_1.19.0/STM32CubeIDE/plugins/com.st.stm32cube.ide.mcu.externaltools.gnu-tools-for-stm32.13.3.rel1.win32_1.0.0.202411081344/tools/bin/../lib/gcc/arm-none-eabi/13.3.1/../../../../arm-none-eabi/lib/thumb/v7e-m+fp/hard\libm.a
END GROUP
START GROUP
LOAD C:/ST/STM32CubeIDE_1.19.0/STM32CubeIDE/plugins/com.st.stm32cube.ide.mcu.externaltools.gnu-tools-for-stm32.13.3.rel1.win32_1.0.0.202411081344/tools/bin/../lib/gcc/arm-none-eabi/13.3.1/thumb/v7e-m+fp/hard\libgcc.a
LOAD C:/ST/STM32CubeIDE_1.19.0/STM32CubeIDE/plugins/com.st.stm32cube.ide.mcu.externaltools.gnu-tools-for-stm32.13.3.rel1.win32_1.0.0.202411081344/tools/bin/../lib/gcc/arm-none-eabi/13.3.1/../../../../arm-none-eabi/lib/thumb/v7e-m+fp/hard\libc_nano.a
END GROUP
START GROUP
LOAD C:/ST/STM32CubeIDE_1.19.0/STM32CubeIDE/plugins/com.st.stm32cube.ide.mcu.externaltools.gnu-tools-for-stm32.13.3.rel1.win32_1.0.0.202411081344/tools/bin/../lib/gcc/arm-none-eabi/13.3.1/thumb/v7e-m+fp/hard\libgcc.a
LOAD C:/ST/STM32CubeIDE_1.19.0/STM32CubeIDE/plugins/com.st.stm32cube.ide.mcu.externaltools.gnu-tools-for-stm32.13.3.rel1.win32_1.0.0.202411081344/tools/bin/../lib/gcc/arm-none-eabi/13.3.1/../../../../arm-none-eabi/lib/thumb/v7e-m+fp/hard\libc_nano.a
LOAD C:/ST/STM32CubeIDE_1.19.0/STM32CubeIDE/plugins/com.st.stm32cube.ide.mcu.externaltools.gnu-tools-for-stm32.13.3.rel1.win32_1.0.0.202411081344/tools/bin/../lib/gcc/arm-none-eabi/13.3.1/../../../../arm-none-eabi/lib/thumb/v7e-m+fp/hard\libnosys.a
END GROUP
START GROUP
LOAD C:/ST/STM32CubeIDE_1.19.0/STM32CubeIDE/plugins/com.st.stm32cube.ide.mcu.externaltools.gnu-tools-for-stm32.13.3.rel1.win32_1.0.0.202411081344/tools/bin/../lib/gcc/arm-none-eabi/13.3.1/thumb/v7e-m+fp/hard\libgcc.a
LOAD C:/ST/STM32CubeIDE_1.19.0/STM32CubeIDE/plugins/com.st.stm32cube.ide.mcu.externaltools.gnu-tools-for-stm32.13.3.rel1.win32_1.0.0.202411081344/tools/bin/../lib/gcc/arm-none-eabi/13.3.1/../../../../arm-none-eabi/lib/thumb/v7e-m+fp/hard\libc_nano.a
LOAD C:/ST/STM32CubeIDE_1.19.0/STM32CubeIDE/plugins/com.st.stm32cube.ide.mcu.externaltools.gnu-tools-for-stm32.13.3.rel1.win32_1.0.0.202411081344/tools/bin/../lib/gcc/arm-none-eabi/13.3.1/../../../../arm-none-eabi/lib/thumb/v7e-m+fp/hard\libnosys.a
END GROUP
LOAD C:/ST/STM32CubeIDE_1.19.0/STM32CubeIDE/plugins/com.st.stm32cube.ide.mcu.externaltools.gnu-tools-for-stm32.13.3.rel1.win32_1.0.0.202411081344/tools/bin/../lib/gcc/arm-none-eabi/13.3.1/thumb/v7e-m+fp/hard/crtend.o
LOAD C:/ST/STM32CubeIDE_1.19.0/STM32CubeIDE/plugins/com.st.stm32cube.ide.mcu.externaltools.gnu-tools-for-stm32.13.3.rel1.win32_1.0.0.202411081344/tools/bin/../lib/gcc/arm-none-eabi/13.3.1/thumb/v7e-m+fp/hard/crtn.o
                0x20020000                        _estack = (ORIGIN (RAM) + LENGTH (RAM))
                0x00000200                        _Min_Heap_Size = 0x200
                0x00000400                        _Min_Stack_Size = 0x400

.isr_vector     0x08000000      0x188
                0x08000000                        . = ALIGN (0x4)
 *(.isr_vector)
 .isr_vector    0x08000000      0x188 ./Core/Startup/startup_stm32f407vgtx.o
                0x08000000                g_pfnVectors
                0x08000188                        . = ALIGN (0x4)

.text           0x08000188     0x4cec
                0x08000188                        . = ALIGN (0x4)
 *(.text)
 .text          0x08000188       0x40 C:/ST/STM32CubeIDE_1.19.0/STM32CubeIDE/plugins/com.st.stm32cube.ide.mcu.externaltools.gnu-tools-for-stm32.13.3.rel1.win32_1.0.0.202411081344/tools/bin/../lib/gcc/arm-none-eabi/13.3.1/thumb/v7e-m+fp/hard/crtbegin.o
 .text          0x080001c8       0x30 C:/ST/STM32CubeIDE_1.19.0/STM32CubeIDE/plugins/com.st.stm32cube.ide.mcu.externaltools.gnu-tools-for-stm32.13.3.rel1.win32_1.0.0.202411081344/tools/bin/../lib/gcc/arm-none-eabi/13.3.1/thumb/v7e-m+fp/hard\libgcc.a(_aeabi_uldivmod.o)
                0x080001c8                __aeabi_uldivmod
 .text          0x080001f8      0x2f8 C:/ST/STM32CubeIDE_1.19.0/STM32CubeIDE/plugins/com.st.stm32cube.ide.mcu.externaltools.gnu-tools-for-stm32.13.3.rel1.win32_1.0.0.202411081344/tools/bin/../lib/gcc/arm-none-eabi/13.3.1/thumb/v7e-m+fp/hard\libgcc.a(_udivmoddi4.o)
                0x080001f8                __udivmoddi4
 .text          0x080004f0        0x4 C:/ST/STM32CubeIDE_1.19.0/STM32CubeIDE/plugins/com.st.stm32cube.ide.mcu.externaltools.gnu-tools-for-stm32.13.3.rel1.win32_1.0.0.202411081344/tools/bin/../lib/gcc/arm-none-eabi/13.3.1/thumb/v7e-m+fp/hard\libgcc.a(_dvmd_tls.o)
                0x080004f0                __aeabi_idiv0
                0x080004f0                __aeabi_ldiv0
 *(.text*)
 .text.LedTask  0x080004f4       0x70 ./Core/Src/main.o
                0x080004f4                LedTask
 .text.main     0x08000564       0xec ./Core/Src/main.o
                0x08000564                main
 .text.SystemClock_Config
                0x08000650       0xd4 ./Core/Src/main.o
                0x08000650                SystemClock_Config
 .text.MX_GPIO_Init
                0x08000724      0x2cc ./Core/Src/main.o
 .text.task1_handler
                0x080009f0       0x28 ./Core/Src/main.o
 .text.task2_handler
                0x08000a18       0x28 ./Core/Src/main.o
 .text.HAL_GPIO_EXTI_Callback
                0x08000a40       0x70 ./Core/Src/main.o
                0x08000a40                HAL_GPIO_EXTI_Callback
 .text.HAL_TIM_PeriodElapsedCallback
                0x08000ab0       0x24 ./Core/Src/main.o
                0x08000ab0                HAL_TIM_PeriodElapsedCallback
 .text.Error_Handler
                0x08000ad4        0xc ./Core/Src/main.o
                0x08000ad4                Error_Handler
 .text.HAL_MspInit
                0x08000ae0       0x50 ./Core/Src/stm32f4xx_hal_msp.o
                0x08000ae0                HAL_MspInit
 .text.HAL_InitTick
                0x08000b30       0xf8 ./Core/Src/stm32f4xx_hal_timebase_tim.o
                0x08000b30                HAL_InitTick
 .text.NMI_Handler
                0x08000c28        0x8 ./Core/Src/stm32f4xx_it.o
                0x08000c28                NMI_Handler
 .text.HardFault_Handler
                0x08000c30        0x8 ./Core/Src/stm32f4xx_it.o
                0x08000c30                HardFault_Handler
 .text.MemManage_Handler
                0x08000c38        0x8 ./Core/Src/stm32f4xx_it.o
                0x08000c38                MemManage_Handler
 .text.BusFault_Handler
                0x08000c40        0x8 ./Core/Src/stm32f4xx_it.o
                0x08000c40                BusFault_Handler
 .text.UsageFault_Handler
                0x08000c48        0x8 ./Core/Src/stm32f4xx_it.o
                0x08000c48                UsageFault_Handler
 .text.DebugMon_Handler
                0x08000c50        0xe ./Core/Src/stm32f4xx_it.o
                0x08000c50                DebugMon_Handler
 .text.EXTI0_IRQHandler
                0x08000c5e        0xe ./Core/Src/stm32f4xx_it.o
                0x08000c5e                EXTI0_IRQHandler
 .text.TIM6_DAC_IRQHandler
                0x08000c6c       0x14 ./Core/Src/stm32f4xx_it.o
                0x08000c6c                TIM6_DAC_IRQHandler
 .text.ITM_SendChar
                0x08000c80       0x50 ./Core/Src/syscalls.o
                0x08000c80                ITM_SendChar
 .text._read    0x08000cd0       0x3a ./Core/Src/syscalls.o
                0x08000cd0                _read
 .text._write   0x08000d0a       0x38 ./Core/Src/syscalls.o
                0x08000d0a                _write
 .text._close   0x08000d42       0x18 ./Core/Src/syscalls.o
                0x08000d42                _close
 .text._fstat   0x08000d5a       0x20 ./Core/Src/syscalls.o
                0x08000d5a                _fstat
 .text._isatty  0x08000d7a       0x16 ./Core/Src/syscalls.o
                0x08000d7a                _isatty
 .text._lseek   0x08000d90       0x1a ./Core/Src/syscalls.o
                0x08000d90                _lseek
 *fill*         0x08000daa        0x2 
 .text.SystemInit
                0x08000dac       0x24 ./Core/Src/system_stm32f4xx.o
                0x08000dac                SystemInit
 .text.Reset_Handler
                0x08000dd0       0x50 ./Core/Startup/startup_stm32f407vgtx.o
                0x08000dd0                Reset_Handler
 .text.Default_Handler
                0x08000e20        0x2 ./Core/Startup/startup_stm32f407vgtx.o
                0x08000e20                RTC_Alarm_IRQHandler
                0x08000e20                HASH_RNG_IRQHandler
                0x08000e20                EXTI2_IRQHandler
                0x08000e20                TIM8_CC_IRQHandler
                0x08000e20                TIM1_CC_IRQHandler
                0x08000e20                DMA2_Stream5_IRQHandler
                0x08000e20                DMA1_Stream5_IRQHandler
                0x08000e20                PVD_IRQHandler
                0x08000e20                SDIO_IRQHandler
                0x08000e20                TAMP_STAMP_IRQHandler
                0x08000e20                CAN2_RX1_IRQHandler
                0x08000e20                EXTI3_IRQHandler
                0x08000e20                TIM8_TRG_COM_TIM14_IRQHandler
                0x08000e20                TIM1_UP_TIM10_IRQHandler
                0x08000e20                TIM8_UP_TIM13_IRQHandler
                0x08000e20                I2C3_ER_IRQHandler
                0x08000e20                I2C2_EV_IRQHandler
                0x08000e20                DMA1_Stream2_IRQHandler
                0x08000e20                CAN1_RX0_IRQHandler
                0x08000e20                FPU_IRQHandler
                0x08000e20                OTG_HS_WKUP_IRQHandler
                0x08000e20                CAN2_SCE_IRQHandler
                0x08000e20                DMA2_Stream2_IRQHandler
                0x08000e20                SPI1_IRQHandler
                0x08000e20                TIM1_BRK_TIM9_IRQHandler
                0x08000e20                DCMI_IRQHandler
                0x08000e20                CAN2_RX0_IRQHandler
                0x08000e20                DMA2_Stream3_IRQHandler
                0x08000e20                USART6_IRQHandler
                0x08000e20                USART3_IRQHandler
                0x08000e20                CAN1_RX1_IRQHandler
                0x08000e20                UART5_IRQHandler
                0x08000e20                DMA2_Stream0_IRQHandler
                0x08000e20                TIM4_IRQHandler
                0x08000e20                I2C1_EV_IRQHandler
                0x08000e20                DMA1_Stream6_IRQHandler
                0x08000e20                DMA1_Stream1_IRQHandler
                0x08000e20                UART4_IRQHandler
                0x08000e20                TIM3_IRQHandler
                0x08000e20                RCC_IRQHandler
                0x08000e20                TIM8_BRK_TIM12_IRQHandler
                0x08000e20                Default_Handler
                0x08000e20                EXTI15_10_IRQHandler
                0x08000e20                ADC_IRQHandler
                0x08000e20                DMA1_Stream7_IRQHandler
                0x08000e20                TIM7_IRQHandler
                0x08000e20                CAN2_TX_IRQHandler
                0x08000e20                TIM5_IRQHandler
                0x08000e20                DMA2_Stream7_IRQHandler
                0x08000e20                I2C3_EV_IRQHandler
                0x08000e20                EXTI9_5_IRQHandler
                0x08000e20                RTC_WKUP_IRQHandler
                0x08000e20                ETH_WKUP_IRQHandler
                0x08000e20                SPI2_IRQHandler
                0x08000e20                OTG_HS_EP1_IN_IRQHandler
                0x08000e20                DMA1_Stream0_IRQHandler
                0x08000e20                CAN1_TX_IRQHandler
                0x08000e20                EXTI4_IRQHandler
                0x08000e20                FSMC_IRQHandler
                0x08000e20                ETH_IRQHandler
                0x08000e20                OTG_HS_EP1_OUT_IRQHandler
                0x08000e20                WWDG_IRQHandler
                0x08000e20                TIM2_IRQHandler
                0x08000e20                OTG_FS_WKUP_IRQHandler
                0x08000e20                TIM1_TRG_COM_TIM11_IRQHandler
                0x08000e20                OTG_HS_IRQHandler
                0x08000e20                EXTI1_IRQHandler
                0x08000e20                USART2_IRQHandler
                0x08000e20                I2C2_ER_IRQHandler
                0x08000e20                DMA2_Stream1_IRQHandler
                0x08000e20                CAN1_SCE_IRQHandler
                0x08000e20                FLASH_IRQHandler
                0x08000e20                DMA2_Stream4_IRQHandler
                0x08000e20                USART1_IRQHandler
                0x08000e20                OTG_FS_IRQHandler
                0x08000e20                SPI3_IRQHandler
                0x08000e20                DMA1_Stream4_IRQHandler
                0x08000e20                I2C1_ER_IRQHandler
                0x08000e20                DMA2_Stream6_IRQHandler
                0x08000e20                DMA1_Stream3_IRQHandler
 *fill*         0x08000e22        0x2 
 .text.HAL_Init
                0x08000e24       0x44 ./Drivers/STM32F4xx_HAL_Driver/Src/stm32f4xx_hal.o
                0x08000e24                HAL_Init
 .text.HAL_IncTick
                0x08000e68       0x28 ./Drivers/STM32F4xx_HAL_Driver/Src/stm32f4xx_hal.o
                0x08000e68                HAL_IncTick
 .text.HAL_GetTick
                0x08000e90       0x18 ./Drivers/STM32F4xx_HAL_Driver/Src/stm32f4xx_hal.o
                0x08000e90                HAL_GetTick
 .text.__NVIC_SetPriorityGrouping
                0x08000ea8       0x48 ./Drivers/STM32F4xx_HAL_Driver/Src/stm32f4xx_hal_cortex.o
 .text.__NVIC_GetPriorityGrouping
                0x08000ef0       0x1c ./Drivers/STM32F4xx_HAL_Driver/Src/stm32f4xx_hal_cortex.o
 .text.__NVIC_EnableIRQ
                0x08000f0c       0x3c ./Drivers/STM32F4xx_HAL_Driver/Src/stm32f4xx_hal_cortex.o
 .text.__NVIC_SetPriority
                0x08000f48       0x54 ./Drivers/STM32F4xx_HAL_Driver/Src/stm32f4xx_hal_cortex.o
 .text.NVIC_EncodePriority
                0x08000f9c       0x66 ./Drivers/STM32F4xx_HAL_Driver/Src/stm32f4xx_hal_cortex.o
 .text.HAL_NVIC_SetPriorityGrouping
                0x08001002       0x16 ./Drivers/STM32F4xx_HAL_Driver/Src/stm32f4xx_hal_cortex.o
                0x08001002                HAL_NVIC_SetPriorityGrouping
 .text.HAL_NVIC_SetPriority
                0x08001018       0x38 ./Drivers/STM32F4xx_HAL_Driver/Src/stm32f4xx_hal_cortex.o
                0x08001018                HAL_NVIC_SetPriority
 .text.HAL_NVIC_EnableIRQ
                0x08001050       0x1c ./Drivers/STM32F4xx_HAL_Driver/Src/stm32f4xx_hal_cortex.o
                0x08001050                HAL_NVIC_EnableIRQ
 .text.HAL_GPIO_Init
                0x0800106c      0x338 ./Drivers/STM32F4xx_HAL_Driver/Src/stm32f4xx_hal_gpio.o
                0x0800106c                HAL_GPIO_Init
 .text.HAL_GPIO_WritePin
                0x080013a4       0x32 ./Drivers/STM32F4xx_HAL_Driver/Src/stm32f4xx_hal_gpio.o
                0x080013a4                HAL_GPIO_WritePin
 .text.HAL_GPIO_TogglePin
                0x080013d6       0x34 ./Drivers/STM32F4xx_HAL_Driver/Src/stm32f4xx_hal_gpio.o
                0x080013d6                HAL_GPIO_TogglePin
 *fill*         0x0800140a        0x2 
 .text.HAL_GPIO_EXTI_IRQHandler
                0x0800140c       0x30 ./Drivers/STM32F4xx_HAL_Driver/Src/stm32f4xx_hal_gpio.o
                0x0800140c                HAL_GPIO_EXTI_IRQHandler
 .text.HAL_RCC_OscConfig
                0x0800143c      0x4f0 ./Drivers/STM32F4xx_HAL_Driver/Src/stm32f4xx_hal_rcc.o
                0x0800143c                HAL_RCC_OscConfig
 .text.HAL_RCC_ClockConfig
                0x0800192c      0x1cc ./Drivers/STM32F4xx_HAL_Driver/Src/stm32f4xx_hal_rcc.o
                0x0800192c                HAL_RCC_ClockConfig
 .text.HAL_RCC_GetSysClockFreq
                0x08001af8      0x20c ./Drivers/STM32F4xx_HAL_Driver/Src/stm32f4xx_hal_rcc.o
                0x08001af8                HAL_RCC_GetSysClockFreq
 .text.HAL_RCC_GetHCLKFreq
                0x08001d04       0x18 ./Drivers/STM32F4xx_HAL_Driver/Src/stm32f4xx_hal_rcc.o
                0x08001d04                HAL_RCC_GetHCLKFreq
 .text.HAL_RCC_GetPCLK1Freq
                0x08001d1c       0x28 ./Drivers/STM32F4xx_HAL_Driver/Src/stm32f4xx_hal_rcc.o
                0x08001d1c                HAL_RCC_GetPCLK1Freq
 .text.HAL_RCC_GetClockConfig
                0x08001d44       0x64 ./Drivers/STM32F4xx_HAL_Driver/Src/stm32f4xx_hal_rcc.o
                0x08001d44                HAL_RCC_GetClockConfig
 .text.HAL_TIM_Base_Init
                0x08001da8       0x9e ./Drivers/STM32F4xx_HAL_Driver/Src/stm32f4xx_hal_tim.o
                0x08001da8                HAL_TIM_Base_Init
 .text.HAL_TIM_Base_MspInit
                0x08001e46       0x14 ./Drivers/STM32F4xx_HAL_Driver/Src/stm32f4xx_hal_tim.o
                0x08001e46                HAL_TIM_Base_MspInit
 *fill*         0x08001e5a        0x2 
 .text.HAL_TIM_Base_Start_IT
                0x08001e5c       0xe0 ./Drivers/STM32F4xx_HAL_Driver/Src/stm32f4xx_hal_tim.o
                0x08001e5c                HAL_TIM_Base_Start_IT
 .text.HAL_TIM_IRQHandler
                0x08001f3c      0x1e0 ./Drivers/STM32F4xx_HAL_Driver/Src/stm32f4xx_hal_tim.o
                0x08001f3c                HAL_TIM_IRQHandler
 .text.HAL_TIM_OC_DelayElapsedCallback
                0x0800211c       0x14 ./Drivers/STM32F4xx_HAL_Driver/Src/stm32f4xx_hal_tim.o
                0x0800211c                HAL_TIM_OC_DelayElapsedCallback
 .text.HAL_TIM_IC_CaptureCallback
                0x08002130       0x14 ./Drivers/STM32F4xx_HAL_Driver/Src/stm32f4xx_hal_tim.o
                0x08002130                HAL_TIM_IC_CaptureCallback
 .text.HAL_TIM_PWM_PulseFinishedCallback
                0x08002144       0x14 ./Drivers/STM32F4xx_HAL_Driver/Src/stm32f4xx_hal_tim.o
                0x08002144                HAL_TIM_PWM_PulseFinishedCallback
 .text.HAL_TIM_TriggerCallback
                0x08002158       0x14 ./Drivers/STM32F4xx_HAL_Driver/Src/stm32f4xx_hal_tim.o
                0x08002158                HAL_TIM_TriggerCallback
 .text.TIM_Base_SetConfig
                0x0800216c      0x14c ./Drivers/STM32F4xx_HAL_Driver/Src/stm32f4xx_hal_tim.o
                0x0800216c                TIM_Base_SetConfig
 .text.HAL_TIMEx_CommutCallback
                0x080022b8       0x14 ./Drivers/STM32F4xx_HAL_Driver/Src/stm32f4xx_hal_tim_ex.o
                0x080022b8                HAL_TIMEx_CommutCallback
 .text.HAL_TIMEx_BreakCallback
                0x080022cc       0x14 ./Drivers/STM32F4xx_HAL_Driver/Src/stm32f4xx_hal_tim_ex.o
                0x080022cc                HAL_TIMEx_BreakCallback
 .text.vListInitialise
                0x080022e0       0x40 ./ThirdParty/FreeRTOS-Kernel/list.o
                0x080022e0                vListInitialise
 .text.vListInitialiseItem
                0x08002320       0x1a ./ThirdParty/FreeRTOS-Kernel/list.o
                0x08002320                vListInitialiseItem
 .text.vListInsert
                0x0800233a       0x72 ./ThirdParty/FreeRTOS-Kernel/list.o
                0x0800233a                vListInsert
 .text.uxListRemove
                0x080023ac       0x54 ./ThirdParty/FreeRTOS-Kernel/list.o
                0x080023ac                uxListRemove
 .text.xQueueGenericReset
                0x08002400      0x108 ./ThirdParty/FreeRTOS-Kernel/queue.o
                0x08002400                xQueueGenericReset
 .text.xQueueGenericCreate
                0x08002508       0x9e ./ThirdParty/FreeRTOS-Kernel/queue.o
                0x08002508                xQueueGenericCreate
 .text.prvInitialiseNewQueue
                0x080025a6       0x46 ./ThirdParty/FreeRTOS-Kernel/queue.o
 .text.xQueueGenericSendFromISR
                0x080025ec      0x15a ./ThirdParty/FreeRTOS-Kernel/queue.o
                0x080025ec                xQueueGenericSendFromISR
 *fill*         0x08002746        0x2 
 .text.xQueueReceive
                0x08002748      0x17c ./ThirdParty/FreeRTOS-Kernel/queue.o
                0x08002748                xQueueReceive
 .text.prvCopyDataToQueue
                0x080028c4       0xd4 ./ThirdParty/FreeRTOS-Kernel/queue.o
 .text.prvCopyDataFromQueue
                0x08002998       0x4c ./ThirdParty/FreeRTOS-Kernel/queue.o
 .text.prvUnlockQueue
                0x080029e4       0xa4 ./ThirdParty/FreeRTOS-Kernel/queue.o
 .text.prvIsQueueEmpty
                0x08002a88       0x2c ./ThirdParty/FreeRTOS-Kernel/queue.o
 .text.prvCreateTask
                0x08002ab4       0x78 ./ThirdParty/FreeRTOS-Kernel/tasks.o
 .text.xTaskCreate
                0x08002b2c       0x46 ./ThirdParty/FreeRTOS-Kernel/tasks.o
                0x08002b2c                xTaskCreate
 .text.prvInitialiseNewTask
                0x08002b72      0x14a ./ThirdParty/FreeRTOS-Kernel/tasks.o
 .text.prvAddNewTaskToReadyList
                0x08002cbc      0x10c ./ThirdParty/FreeRTOS-Kernel/tasks.o
 .text.prvCreateIdleTasks
                0x08002dc8       0xa8 ./ThirdParty/FreeRTOS-Kernel/tasks.o
 .text.vTaskStartScheduler
                0x08002e70       0x7c ./ThirdParty/FreeRTOS-Kernel/tasks.o
                0x08002e70                vTaskStartScheduler
 .text.vTaskSuspendAll
                0x08002eec       0x1c ./ThirdParty/FreeRTOS-Kernel/tasks.o
                0x08002eec                vTaskSuspendAll
 .text.xTaskResumeAll
                0x08002f08      0x1f0 ./ThirdParty/FreeRTOS-Kernel/tasks.o
                0x08002f08                xTaskResumeAll
 .text.xTaskGetTickCountFromISR
                0x080030f8       0x24 ./ThirdParty/FreeRTOS-Kernel/tasks.o
                0x080030f8                xTaskGetTickCountFromISR
 .text.uxTaskGetNumberOfTasks
                0x0800311c       0x18 ./ThirdParty/FreeRTOS-Kernel/tasks.o
                0x0800311c                uxTaskGetNumberOfTasks
 .text.xTaskIncrementTick
                0x08003134      0x1ec ./ThirdParty/FreeRTOS-Kernel/tasks.o
                0x08003134                xTaskIncrementTick
 .text.vTaskSwitchContext
                0x08003320       0xbc ./ThirdParty/FreeRTOS-Kernel/tasks.o
                0x08003320                vTaskSwitchContext
 .text.vTaskPlaceOnEventList
                0x080033dc       0x4c ./ThirdParty/FreeRTOS-Kernel/tasks.o
                0x080033dc                vTaskPlaceOnEventList
 .text.xTaskRemoveFromEventList
                0x08003428      0x1b4 ./ThirdParty/FreeRTOS-Kernel/tasks.o
                0x08003428                xTaskRemoveFromEventList
 .text.vTaskInternalSetTimeOutState
                0x080035dc       0x2c ./ThirdParty/FreeRTOS-Kernel/tasks.o
                0x080035dc                vTaskInternalSetTimeOutState
 .text.xTaskCheckForTimeOut
                0x08003608       0xd0 ./ThirdParty/FreeRTOS-Kernel/tasks.o
                0x08003608                xTaskCheckForTimeOut
 .text.vTaskMissedYield
                0x080036d8       0x18 ./ThirdParty/FreeRTOS-Kernel/tasks.o
                0x080036d8                vTaskMissedYield
 .text.prvIdleTask
                0x080036f0       0x24 ./ThirdParty/FreeRTOS-Kernel/tasks.o
 .text.prvInitialiseTaskLists
                0x08003714       0x80 ./ThirdParty/FreeRTOS-Kernel/tasks.o
 .text.prvCheckTasksWaitingTermination
                0x08003794       0x5c ./ThirdParty/FreeRTOS-Kernel/tasks.o
 .text.prvDeleteTCB
                0x080037f0       0x20 ./ThirdParty/FreeRTOS-Kernel/tasks.o
 .text.prvResetNextTaskUnblockTime
                0x08003810       0x38 ./ThirdParty/FreeRTOS-Kernel/tasks.o
 .text.xTaskPriorityDisinherit
                0x08003848      0x150 ./ThirdParty/FreeRTOS-Kernel/tasks.o
                0x08003848                xTaskPriorityDisinherit
 .text.prvAddCurrentTaskToDelayedList
                0x08003998      0x104 ./ThirdParty/FreeRTOS-Kernel/tasks.o
 .text.pxPortInitialiseStack
                0x08003a9c       0x68 ./ThirdParty/FreeRTOS-Kernel/portable/GCC/ARM_CM4F/port.o
                0x08003a9c                pxPortInitialiseStack
 .text.prvTaskExitError
                0x08003b04       0x5c ./ThirdParty/FreeRTOS-Kernel/portable/GCC/ARM_CM4F/port.o
 .text.SVC_Handler
                0x08003b60       0x24 ./ThirdParty/FreeRTOS-Kernel/portable/GCC/ARM_CM4F/port.o
                0x08003b60                SVC_Handler
 .text.prvPortStartFirstTask
                0x08003b84       0x2c ./ThirdParty/FreeRTOS-Kernel/portable/GCC/ARM_CM4F/port.o
 .text.xPortStartScheduler
                0x08003bb0      0x1e0 ./ThirdParty/FreeRTOS-Kernel/portable/GCC/ARM_CM4F/port.o
                0x08003bb0                xPortStartScheduler
 .text.vPortEnterCritical
                0x08003d90       0x64 ./ThirdParty/FreeRTOS-Kernel/portable/GCC/ARM_CM4F/port.o
                0x08003d90                vPortEnterCritical
 .text.vPortExitCritical
                0x08003df4       0x54 ./ThirdParty/FreeRTOS-Kernel/portable/GCC/ARM_CM4F/port.o
                0x08003df4                vPortExitCritical
 .text.PendSV_Handler
                0x08003e48       0x64 ./ThirdParty/FreeRTOS-Kernel/portable/GCC/ARM_CM4F/port.o
                0x08003e48                PendSV_Handler
 .text.SysTick_Handler
                0x08003eac       0x44 ./ThirdParty/FreeRTOS-Kernel/portable/GCC/ARM_CM4F/port.o
                0x08003eac                SysTick_Handler
 .text.vPortSetupTimerInterrupt
                0x08003ef0       0x48 ./ThirdParty/FreeRTOS-Kernel/portable/GCC/ARM_CM4F/port.o
                0x08003ef0                vPortSetupTimerInterrupt
 .text.vPortEnableVFP
                0x08003f38       0x18 ./ThirdParty/FreeRTOS-Kernel/portable/GCC/ARM_CM4F/port.o
 .text.vPortValidateInterruptPriority
                0x08003f50       0x84 ./ThirdParty/FreeRTOS-Kernel/portable/GCC/ARM_CM4F/port.o
                0x08003f50                vPortValidateInterruptPriority
 .text.pvPortMalloc
                0x08003fd4      0x270 ./ThirdParty/FreeRTOS-Kernel/portable/MemMang/heap_4.o
                0x08003fd4                pvPortMalloc
 .text.vPortFree
                0x08004244       0xec ./ThirdParty/FreeRTOS-Kernel/portable/MemMang/heap_4.o
                0x08004244                vPortFree
 .text.prvHeapInit
                0x08004330       0xb4 ./ThirdParty/FreeRTOS-Kernel/portable/MemMang/heap_4.o
 .text.prvInsertBlockIntoFreeList
                0x080043e4       0xf4 ./ThirdParty/FreeRTOS-Kernel/portable/MemMang/heap_4.o
 .text.std      0x080044d8       0x6c C:/ST/STM32CubeIDE_1.19.0/STM32CubeIDE/plugins/com.st.stm32cube.ide.mcu.externaltools.gnu-tools-for-stm32.13.3.rel1.win32_1.0.0.202411081344/tools/bin/../lib/gcc/arm-none-eabi/13.3.1/../../../../arm-none-eabi/lib/thumb/v7e-m+fp/hard\libc_nano.a(libc_a-findfp.o)
 .text.stdio_exit_handler
                0x08004544       0x18 C:/ST/STM32CubeIDE_1.19.0/STM32CubeIDE/plugins/com.st.stm32cube.ide.mcu.externaltools.gnu-tools-for-stm32.13.3.rel1.win32_1.0.0.202411081344/tools/bin/../lib/gcc/arm-none-eabi/13.3.1/../../../../arm-none-eabi/lib/thumb/v7e-m+fp/hard\libc_nano.a(libc_a-findfp.o)
 .text.cleanup_stdio
                0x0800455c       0x40 C:/ST/STM32CubeIDE_1.19.0/STM32CubeIDE/plugins/com.st.stm32cube.ide.mcu.externaltools.gnu-tools-for-stm32.13.3.rel1.win32_1.0.0.202411081344/tools/bin/../lib/gcc/arm-none-eabi/13.3.1/../../../../arm-none-eabi/lib/thumb/v7e-m+fp/hard\libc_nano.a(libc_a-findfp.o)
 .text.global_stdio_init.part.0
                0x0800459c       0x3c C:/ST/STM32CubeIDE_1.19.0/STM32CubeIDE/plugins/com.st.stm32cube.ide.mcu.externaltools.gnu-tools-for-stm32.13.3.rel1.win32_1.0.0.202411081344/tools/bin/../lib/gcc/arm-none-eabi/13.3.1/../../../../arm-none-eabi/lib/thumb/v7e-m+fp/hard\libc_nano.a(libc_a-findfp.o)
 .text.__sfp_lock_acquire
                0x080045d8        0xc C:/ST/STM32CubeIDE_1.19.0/STM32CubeIDE/plugins/com.st.stm32cube.ide.mcu.externaltools.gnu-tools-for-stm32.13.3.rel1.win32_1.0.0.202411081344/tools/bin/../lib/gcc/arm-none-eabi/13.3.1/../../../../arm-none-eabi/lib/thumb/v7e-m+fp/hard\libc_nano.a(libc_a-findfp.o)
                0x080045d8                __sfp_lock_acquire
 .text.__sfp_lock_release
                0x080045e4        0xc C:/ST/STM32CubeIDE_1.19.0/STM32CubeIDE/plugins/com.st.stm32cube.ide.mcu.externaltools.gnu-tools-for-stm32.13.3.rel1.win32_1.0.0.202411081344/tools/bin/../lib/gcc/arm-none-eabi/13.3.1/../../../../arm-none-eabi/lib/thumb/v7e-m+fp/hard\libc_nano.a(libc_a-findfp.o)
                0x080045e4                __sfp_lock_release
 .text.__sinit  0x080045f0       0x30 C:/ST/STM32CubeIDE_1.19.0/STM32CubeIDE/plugins/com.st.stm32cube.ide.mcu.externaltools.gnu-tools-for-stm32.13.3.rel1.win32_1.0.0.202411081344/tools/bin/../lib/gcc/arm-none-eabi/13.3.1/../../../../arm-none-eabi/lib/thumb/v7e-m+fp/hard\libc_nano.a(libc_a-findfp.o)
                0x080045f0                __sinit
 .text._fwalk_sglue
                0x08004620       0x3c C:/ST/STM32CubeIDE_1.19.0/STM32CubeIDE/plugins/com.st.stm32cube.ide.mcu.externaltools.gnu-tools-for-stm32.13.3.rel1.win32_1.0.0.202411081344/tools/bin/../lib/gcc/arm-none-eabi/13.3.1/../../../../arm-none-eabi/lib/thumb/v7e-m+fp/hard\libc_nano.a(libc_a-fwalk.o)
                0x08004620                _fwalk_sglue
 .text._puts_r  0x0800465c       0xaa C:/ST/STM32CubeIDE_1.19.0/STM32CubeIDE/plugins/com.st.stm32cube.ide.mcu.externaltools.gnu-tools-for-stm32.13.3.rel1.win32_1.0.0.202411081344/tools/bin/../lib/gcc/arm-none-eabi/13.3.1/../../../../arm-none-eabi/lib/thumb/v7e-m+fp/hard\libc_nano.a(libc_a-puts.o)
                0x0800465c                _puts_r
 *fill*         0x08004706        0x2 
 .text.puts     0x08004708       0x10 C:/ST/STM32CubeIDE_1.19.0/STM32CubeIDE/plugins/com.st.stm32cube.ide.mcu.externaltools.gnu-tools-for-stm32.13.3.rel1.win32_1.0.0.202411081344/tools/bin/../lib/gcc/arm-none-eabi/13.3.1/../../../../arm-none-eabi/lib/thumb/v7e-m+fp/hard\libc_nano.a(libc_a-puts.o)
                0x08004708                puts
 .text.__sread  0x08004718       0x22 C:/ST/STM32CubeIDE_1.19.0/STM32CubeIDE/plugins/com.st.stm32cube.ide.mcu.externaltools.gnu-tools-for-stm32.13.3.rel1.win32_1.0.0.202411081344/tools/bin/../lib/gcc/arm-none-eabi/13.3.1/../../../../arm-none-eabi/lib/thumb/v7e-m+fp/hard\libc_nano.a(libc_a-stdio.o)
                0x08004718                __sread
 .text.__swrite
                0x0800473a       0x38 C:/ST/STM32CubeIDE_1.19.0/STM32CubeIDE/plugins/com.st.stm32cube.ide.mcu.externaltools.gnu-tools-for-stm32.13.3.rel1.win32_1.0.0.202411081344/tools/bin/../lib/gcc/arm-none-eabi/13.3.1/../../../../arm-none-eabi/lib/thumb/v7e-m+fp/hard\libc_nano.a(libc_a-stdio.o)
                0x0800473a                __swrite
 .text.__sseek  0x08004772       0x24 C:/ST/STM32CubeIDE_1.19.0/STM32CubeIDE/plugins/com.st.stm32cube.ide.mcu.externaltools.gnu-tools-for-stm32.13.3.rel1.win32_1.0.0.202411081344/tools/bin/../lib/gcc/arm-none-eabi/13.3.1/../../../../arm-none-eabi/lib/thumb/v7e-m+fp/hard\libc_nano.a(libc_a-stdio.o)
                0x08004772                __sseek
 .text.__sclose
                0x08004796        0x8 C:/ST/STM32CubeIDE_1.19.0/STM32CubeIDE/plugins/com.st.stm32cube.ide.mcu.externaltools.gnu-tools-for-stm32.13.3.rel1.win32_1.0.0.202411081344/tools/bin/../lib/gcc/arm-none-eabi/13.3.1/../../../../arm-none-eabi/lib/thumb/v7e-m+fp/hard\libc_nano.a(libc_a-stdio.o)
                0x08004796                __sclose
 .text.__swbuf_r
                0x0800479e       0x7c C:/ST/STM32CubeIDE_1.19.0/STM32CubeIDE/plugins/com.st.stm32cube.ide.mcu.externaltools.gnu-tools-for-stm32.13.3.rel1.win32_1.0.0.202411081344/tools/bin/../lib/gcc/arm-none-eabi/13.3.1/../../../../arm-none-eabi/lib/thumb/v7e-m+fp/hard\libc_nano.a(libc_a-wbuf.o)
                0x0800479e                __swbuf_r
 *fill*         0x0800481a        0x2 
 .text.__swsetup_r
                0x0800481c       0xac C:/ST/STM32CubeIDE_1.19.0/STM32CubeIDE/plugins/com.st.stm32cube.ide.mcu.externaltools.gnu-tools-for-stm32.13.3.rel1.win32_1.0.0.202411081344/tools/bin/../lib/gcc/arm-none-eabi/13.3.1/../../../../arm-none-eabi/lib/thumb/v7e-m+fp/hard\libc_nano.a(libc_a-wsetup.o)
                0x0800481c                __swsetup_r
 .text.memset   0x080048c8       0x10 C:/ST/STM32CubeIDE_1.19.0/STM32CubeIDE/plugins/com.st.stm32cube.ide.mcu.externaltools.gnu-tools-for-stm32.13.3.rel1.win32_1.0.0.202411081344/tools/bin/../lib/gcc/arm-none-eabi/13.3.1/../../../../arm-none-eabi/lib/thumb/v7e-m+fp/hard\libc_nano.a(libc_a-memset.o)
                0x080048c8                memset
 .text._close_r
                0x080048d8       0x20 C:/ST/STM32CubeIDE_1.19.0/STM32CubeIDE/plugins/com.st.stm32cube.ide.mcu.externaltools.gnu-tools-for-stm32.13.3.rel1.win32_1.0.0.202411081344/tools/bin/../lib/gcc/arm-none-eabi/13.3.1/../../../../arm-none-eabi/lib/thumb/v7e-m+fp/hard\libc_nano.a(libc_a-closer.o)
                0x080048d8                _close_r
 .text._lseek_r
                0x080048f8       0x24 C:/ST/STM32CubeIDE_1.19.0/STM32CubeIDE/plugins/com.st.stm32cube.ide.mcu.externaltools.gnu-tools-for-stm32.13.3.rel1.win32_1.0.0.202411081344/tools/bin/../lib/gcc/arm-none-eabi/13.3.1/../../../../arm-none-eabi/lib/thumb/v7e-m+fp/hard\libc_nano.a(libc_a-lseekr.o)
                0x080048f8                _lseek_r
 .text._read_r  0x0800491c       0x24 C:/ST/STM32CubeIDE_1.19.0/STM32CubeIDE/plugins/com.st.stm32cube.ide.mcu.externaltools.gnu-tools-for-stm32.13.3.rel1.win32_1.0.0.202411081344/tools/bin/../lib/gcc/arm-none-eabi/13.3.1/../../../../arm-none-eabi/lib/thumb/v7e-m+fp/hard\libc_nano.a(libc_a-readr.o)
                0x0800491c                _read_r
 .text._write_r
                0x08004940       0x24 C:/ST/STM32CubeIDE_1.19.0/STM32CubeIDE/plugins/com.st.stm32cube.ide.mcu.externaltools.gnu-tools-for-stm32.13.3.rel1.win32_1.0.0.202411081344/tools/bin/../lib/gcc/arm-none-eabi/13.3.1/../../../../arm-none-eabi/lib/thumb/v7e-m+fp/hard\libc_nano.a(libc_a-writer.o)
                0x08004940                _write_r
 .text.__libc_init_array
                0x08004964       0x48 C:/ST/STM32CubeIDE_1.19.0/STM32CubeIDE/plugins/com.st.stm32cube.ide.mcu.externaltools.gnu-tools-for-stm32.13.3.rel1.win32_1.0.0.202411081344/tools/bin/../lib/gcc/arm-none-eabi/13.3.1/../../../../arm-none-eabi/lib/thumb/v7e-m+fp/hard\libc_nano.a(libc_a-init.o)
                0x08004964                __libc_init_array
 .text.__retarget_lock_init_recursive
                0x080049ac        0x2 C:/ST/STM32CubeIDE_1.19.0/STM32CubeIDE/plugins/com.st.stm32cube.ide.mcu.externaltools.gnu-tools-for-stm32.13.3.rel1.win32_1.0.0.202411081344/tools/bin/../lib/gcc/arm-none-eabi/13.3.1/../../../../arm-none-eabi/lib/thumb/v7e-m+fp/hard\libc_nano.a(libc_a-lock.o)
                0x080049ac                __retarget_lock_init_recursive
 .text.__retarget_lock_acquire_recursive
                0x080049ae        0x2 C:/ST/STM32CubeIDE_1.19.0/STM32CubeIDE/plugins/com.st.stm32cube.ide.mcu.externaltools.gnu-tools-for-stm32.13.3.rel1.win32_1.0.0.202411081344/tools/bin/../lib/gcc/arm-none-eabi/13.3.1/../../../../arm-none-eabi/lib/thumb/v7e-m+fp/hard\libc_nano.a(libc_a-lock.o)
                0x080049ae                __retarget_lock_acquire_recursive
 .text.__retarget_lock_release_recursive
                0x080049b0        0x2 C:/ST/STM32CubeIDE_1.19.0/STM32CubeIDE/plugins/com.st.stm32cube.ide.mcu.externaltools.gnu-tools-for-stm32.13.3.rel1.win32_1.0.0.202411081344/tools/bin/../lib/gcc/arm-none-eabi/13.3.1/../../../../arm-none-eabi/lib/thumb/v7e-m+fp/hard\libc_nano.a(libc_a-lock.o)
                0x080049b0                __retarget_lock_release_recursive
 .text.memcpy   0x080049b2       0x1c C:/ST/STM32CubeIDE_1.19.0/STM32CubeIDE/plugins/com.st.stm32cube.ide.mcu.externaltools.gnu-tools-for-stm32.13.3.rel1.win32_1.0.0.202411081344/tools/bin/../lib/gcc/arm-none-eabi/13.3.1/../../../../arm-none-eabi/lib/thumb/v7e-m+fp/hard\libc_nano.a(libc_a-memcpy-stub.o)
                0x080049b2                memcpy
 *fill*         0x080049ce        0x2 
 .text._free_r  0x080049d0       0x94 C:/ST/STM32CubeIDE_1.19.0/STM32CubeIDE/plugins/com.st.stm32cube.ide.mcu.externaltools.gnu-tools-for-stm32.13.3.rel1.win32_1.0.0.202411081344/tools/bin/../lib/gcc/arm-none-eabi/13.3.1/../../../../arm-none-eabi/lib/thumb/v7e-m+fp/hard\libc_nano.a(libc_a-freer.o)
                0x080049d0                _free_r
 .text.sbrk_aligned
                0x08004a64       0x44 C:/ST/STM32CubeIDE_1.19.0/STM32CubeIDE/plugins/com.st.stm32cube.ide.mcu.externaltools.gnu-tools-for-stm32.13.3.rel1.win32_1.0.0.202411081344/tools/bin/../lib/gcc/arm-none-eabi/13.3.1/../../../../arm-none-eabi/lib/thumb/v7e-m+fp/hard\libc_nano.a(libc_a-mallocr.o)
 .text._malloc_r
                0x08004aa8      0x100 C:/ST/STM32CubeIDE_1.19.0/STM32CubeIDE/plugins/com.st.stm32cube.ide.mcu.externaltools.gnu-tools-for-stm32.13.3.rel1.win32_1.0.0.202411081344/tools/bin/../lib/gcc/arm-none-eabi/13.3.1/../../../../arm-none-eabi/lib/thumb/v7e-m+fp/hard\libc_nano.a(libc_a-mallocr.o)
                0x08004aa8                _malloc_r
 .text.__malloc_lock
                0x08004ba8        0xc C:/ST/STM32CubeIDE_1.19.0/STM32CubeIDE/plugins/com.st.stm32cube.ide.mcu.externaltools.gnu-tools-for-stm32.13.3.rel1.win32_1.0.0.202411081344/tools/bin/../lib/gcc/arm-none-eabi/13.3.1/../../../../arm-none-eabi/lib/thumb/v7e-m+fp/hard\libc_nano.a(libc_a-mlock.o)
                0x08004ba8                __malloc_lock
 .text.__malloc_unlock
                0x08004bb4        0xc C:/ST/STM32CubeIDE_1.19.0/STM32CubeIDE/plugins/com.st.stm32cube.ide.mcu.externaltools.gnu-tools-for-stm32.13.3.rel1.win32_1.0.0.202411081344/tools/bin/../lib/gcc/arm-none-eabi/13.3.1/../../../../arm-none-eabi/lib/thumb/v7e-m+fp/hard\libc_nano.a(libc_a-mlock.o)
                0x08004bb4                __malloc_unlock
 .text.__sflush_r
                0x08004bc0      0x108 C:/ST/STM32CubeIDE_1.19.0/STM32CubeIDE/plugins/com.st.stm32cube.ide.mcu.externaltools.gnu-tools-for-stm32.13.3.rel1.win32_1.0.0.202411081344/tools/bin/../lib/gcc/arm-none-eabi/13.3.1/../../../../arm-none-eabi/lib/thumb/v7e-m+fp/hard\libc_nano.a(libc_a-fflush.o)
                0x08004bc0                __sflush_r
 .text._fflush_r
                0x08004cc8       0x50 C:/ST/STM32CubeIDE_1.19.0/STM32CubeIDE/plugins/com.st.stm32cube.ide.mcu.externaltools.gnu-tools-for-stm32.13.3.rel1.win32_1.0.0.202411081344/tools/bin/../lib/gcc/arm-none-eabi/13.3.1/../../../../arm-none-eabi/lib/thumb/v7e-m+fp/hard\libc_nano.a(libc_a-fflush.o)
                0x08004cc8                _fflush_r
 .text.__swhatbuf_r
                0x08004d18       0x4c C:/ST/STM32CubeIDE_1.19.0/STM32CubeIDE/plugins/com.st.stm32cube.ide.mcu.externaltools.gnu-tools-for-stm32.13.3.rel1.win32_1.0.0.202411081344/tools/bin/../lib/gcc/arm-none-eabi/13.3.1/../../../../arm-none-eabi/lib/thumb/v7e-m+fp/hard\libc_nano.a(libc_a-makebuf.o)
                0x08004d18                __swhatbuf_r
 .text.__smakebuf_r
                0x08004d64       0x78 C:/ST/STM32CubeIDE_1.19.0/STM32CubeIDE/plugins/com.st.stm32cube.ide.mcu.externaltools.gnu-tools-for-stm32.13.3.rel1.win32_1.0.0.202411081344/tools/bin/../lib/gcc/arm-none-eabi/13.3.1/../../../../arm-none-eabi/lib/thumb/v7e-m+fp/hard\libc_nano.a(libc_a-makebuf.o)
                0x08004d64                __smakebuf_r
 .text._fstat_r
                0x08004ddc       0x24 C:/ST/STM32CubeIDE_1.19.0/STM32CubeIDE/plugins/com.st.stm32cube.ide.mcu.externaltools.gnu-tools-for-stm32.13.3.rel1.win32_1.0.0.202411081344/tools/bin/../lib/gcc/arm-none-eabi/13.3.1/../../../../arm-none-eabi/lib/thumb/v7e-m+fp/hard\libc_nano.a(libc_a-fstatr.o)
                0x08004ddc                _fstat_r
 .text._isatty_r
                0x08004e00       0x20 C:/ST/STM32CubeIDE_1.19.0/STM32CubeIDE/plugins/com.st.stm32cube.ide.mcu.externaltools.gnu-tools-for-stm32.13.3.rel1.win32_1.0.0.202411081344/tools/bin/../lib/gcc/arm-none-eabi/13.3.1/../../../../arm-none-eabi/lib/thumb/v7e-m+fp/hard\libc_nano.a(libc_a-isattyr.o)
                0x08004e00                _isatty_r
 .text._sbrk_r  0x08004e20       0x20 C:/ST/STM32CubeIDE_1.19.0/STM32CubeIDE/plugins/com.st.stm32cube.ide.mcu.externaltools.gnu-tools-for-stm32.13.3.rel1.win32_1.0.0.202411081344/tools/bin/../lib/gcc/arm-none-eabi/13.3.1/../../../../arm-none-eabi/lib/thumb/v7e-m+fp/hard\libc_nano.a(libc_a-sbrkr.o)
                0x08004e20                _sbrk_r
 .text._sbrk    0x08004e40       0x1c C:/ST/STM32CubeIDE_1.19.0/STM32CubeIDE/plugins/com.st.stm32cube.ide.mcu.externaltools.gnu-tools-for-stm32.13.3.rel1.win32_1.0.0.202411081344/tools/bin/../lib/gcc/arm-none-eabi/13.3.1/../../../../arm-none-eabi/lib/thumb/v7e-m+fp/hard\libnosys.a(sbrk.o)
                0x08004e40                _sbrk
 *(.glue_7)
 .glue_7        0x08004e5c        0x0 linker stubs
 *(.glue_7t)
 .glue_7t       0x08004e5c        0x0 linker stubs
 *(.eh_frame)
 .eh_frame      0x08004e5c        0x0 C:/ST/STM32CubeIDE_1.19.0/STM32CubeIDE/plugins/com.st.stm32cube.ide.mcu.externaltools.gnu-tools-for-stm32.13.3.rel1.win32_1.0.0.202411081344/tools/bin/../lib/gcc/arm-none-eabi/13.3.1/thumb/v7e-m+fp/hard/crtbegin.o
 *(.init)
 .init          0x08004e5c        0x4 C:/ST/STM32CubeIDE_1.19.0/STM32CubeIDE/plugins/com.st.stm32cube.ide.mcu.externaltools.gnu-tools-for-stm32.13.3.rel1.win32_1.0.0.202411081344/tools/bin/../lib/gcc/arm-none-eabi/13.3.1/thumb/v7e-m+fp/hard/crti.o
                0x08004e5c                _init
 .init          0x08004e60        0x8 C:/ST/STM32CubeIDE_1.19.0/STM32CubeIDE/plugins/com.st.stm32cube.ide.mcu.externaltools.gnu-tools-for-stm32.13.3.rel1.win32_1.0.0.202411081344/tools/bin/../lib/gcc/arm-none-eabi/13.3.1/thumb/v7e-m+fp/hard/crtn.o
 *(.fini)
 .fini          0x08004e68        0x4 C:/ST/STM32CubeIDE_1.19.0/STM32CubeIDE/plugins/com.st.stm32cube.ide.mcu.externaltools.gnu-tools-for-stm32.13.3.rel1.win32_1.0.0.202411081344/tools/bin/../lib/gcc/arm-none-eabi/13.3.1/thumb/v7e-m+fp/hard/crti.o
                0x08004e68                _fini
 .fini          0x08004e6c        0x8 C:/ST/STM32CubeIDE_1.19.0/STM32CubeIDE/plugins/com.st.stm32cube.ide.mcu.externaltools.gnu-tools-for-stm32.13.3.rel1.win32_1.0.0.202411081344/tools/bin/../lib/gcc/arm-none-eabi/13.3.1/thumb/v7e-m+fp/hard/crtn.o
                0x08004e74                        . = ALIGN (0x4)
                0x08004e74                        _etext = .

.vfp11_veneer   0x08004e74        0x0
 .vfp11_veneer  0x08004e74        0x0 linker stubs

.v4_bx          0x08004e74        0x0
 .v4_bx         0x08004e74        0x0 linker stubs

.iplt           0x08004e74        0x0
 .iplt          0x08004e74        0x0 C:/ST/STM32CubeIDE_1.19.0/STM32CubeIDE/plugins/com.st.stm32cube.ide.mcu.externaltools.gnu-tools-for-stm32.13.3.rel1.win32_1.0.0.202411081344/tools/bin/../lib/gcc/arm-none-eabi/13.3.1/thumb/v7e-m+fp/hard/crtbegin.o

.rodata         0x08004e74       0x74
                0x08004e74                        . = ALIGN (0x4)
 *(.rodata)
 .rodata        0x08004e74       0x50 ./Core/Src/main.o
 .rodata        0x08004ec4        0x5 ./ThirdParty/FreeRTOS-Kernel/tasks.o
 *(.rodata*)
 *fill*         0x08004ec9        0x3 
 .rodata.AHBPrescTable
                0x08004ecc       0x10 ./Core/Src/system_stm32f4xx.o
                0x08004ecc                AHBPrescTable
 .rodata.APBPrescTable
                0x08004edc        0x8 ./Core/Src/system_stm32f4xx.o
                0x08004edc                APBPrescTable
 .rodata.uxTopUsedPriority
                0x08004ee4        0x4 ./ThirdParty/FreeRTOS-Kernel/tasks.o
                0x08004ee8                        . = ALIGN (0x4)

.ARM.extab      0x08004ee8        0x0
                0x08004ee8                        . = ALIGN (0x4)
 *(.ARM.extab* .gnu.linkonce.armextab.*)
                0x08004ee8                        . = ALIGN (0x4)

.ARM            0x08004ee8        0x8
                0x08004ee8                        . = ALIGN (0x4)
                0x08004ee8                        __exidx_start = .
 *(.ARM.exidx*)
 .ARM.exidx     0x08004ee8        0x8 C:/ST/STM32CubeIDE_1.19.0/STM32CubeIDE/plugins/com.st.stm32cube.ide.mcu.externaltools.gnu-tools-for-stm32.13.3.rel1.win32_1.0.0.202411081344/tools/bin/../lib/gcc/arm-none-eabi/13.3.1/thumb/v7e-m+fp/hard\libgcc.a(_udivmoddi4.o)
                0x08004ef0                        __exidx_end = .
                0x08004ef0                        . = ALIGN (0x4)

.preinit_array  0x08004ef0        0x0
                0x08004ef0                        . = ALIGN (0x4)
                0x08004ef0                        PROVIDE (__preinit_array_start = .)
 *(.preinit_array*)
                0x08004ef0                        PROVIDE (__preinit_array_end = .)
                0x08004ef0                        . = ALIGN (0x4)

.init_array     0x08004ef0        0x4
                0x08004ef0                        . = ALIGN (0x4)
                0x08004ef0                        PROVIDE (__init_array_start = .)
 *(SORT_BY_NAME(.init_array.*))
 *(.init_array*)
 .init_array    0x08004ef0        0x4 C:/ST/STM32CubeIDE_1.19.0/STM32CubeIDE/plugins/com.st.stm32cube.ide.mcu.externaltools.gnu-tools-for-stm32.13.3.rel1.win32_1.0.0.202411081344/tools/bin/../lib/gcc/arm-none-eabi/13.3.1/thumb/v7e-m+fp/hard/crtbegin.o
                0x08004ef4                        PROVIDE (__init_array_end = .)
                0x08004ef4                        . = ALIGN (0x4)

.fini_array     0x08004ef4        0x4
                0x08004ef4                        . = ALIGN (0x4)
                [!provide]                        PROVIDE (__fini_array_start = .)
 *(SORT_BY_NAME(.fini_array.*))
 *(.fini_array*)
 .fini_array    0x08004ef4        0x4 C:/ST/STM32CubeIDE_1.19.0/STM32CubeIDE/plugins/com.st.stm32cube.ide.mcu.externaltools.gnu-tools-for-stm32.13.3.rel1.win32_1.0.0.202411081344/tools/bin/../lib/gcc/arm-none-eabi/13.3.1/thumb/v7e-m+fp/hard/crtbegin.o
                [!provide]                        PROVIDE (__fini_array_end = .)
                0x08004ef8                        . = ALIGN (0x4)
                0x08004ef8                        _sidata = LOADADDR (.data)

.rel.dyn        0x08004ef8        0x0
 .rel.iplt      0x08004ef8        0x0 C:/ST/STM32CubeIDE_1.19.0/STM32CubeIDE/plugins/com.st.stm32cube.ide.mcu.externaltools.gnu-tools-for-stm32.13.3.rel1.win32_1.0.0.202411081344/tools/bin/../lib/gcc/arm-none-eabi/13.3.1/thumb/v7e-m+fp/hard/crtbegin.o

.data           0x20000000       0x6c load address 0x08004ef8
                0x20000000                        . = ALIGN (0x4)
                0x20000000                        _sdata = .
 *(.data)
 *(.data*)
 .data.SystemCoreClock
                0x20000000        0x4 ./Core/Src/system_stm32f4xx.o
                0x20000000                SystemCoreClock
 .data.uwTickPrio
                0x20000004        0x4 ./Drivers/STM32F4xx_HAL_Driver/Src/stm32f4xx_hal.o
                0x20000004                uwTickPrio
 .data.uwTickFreq
                0x20000008        0x1 ./Drivers/STM32F4xx_HAL_Driver/Src/stm32f4xx_hal.o
                0x20000008                uwTickFreq
 *fill*         0x20000009        0x3 
 .data.uxCriticalNesting
                0x2000000c        0x4 ./ThirdParty/FreeRTOS-Kernel/portable/GCC/ARM_CM4F/port.o
 .data.__sglue  0x20000010        0xc C:/ST/STM32CubeIDE_1.19.0/STM32CubeIDE/plugins/com.st.stm32cube.ide.mcu.externaltools.gnu-tools-for-stm32.13.3.rel1.win32_1.0.0.202411081344/tools/bin/../lib/gcc/arm-none-eabi/13.3.1/../../../../arm-none-eabi/lib/thumb/v7e-m+fp/hard\libc_nano.a(libc_a-findfp.o)
                0x20000010                __sglue
 .data._impure_ptr
                0x2000001c        0x4 C:/ST/STM32CubeIDE_1.19.0/STM32CubeIDE/plugins/com.st.stm32cube.ide.mcu.externaltools.gnu-tools-for-stm32.13.3.rel1.win32_1.0.0.202411081344/tools/bin/../lib/gcc/arm-none-eabi/13.3.1/../../../../arm-none-eabi/lib/thumb/v7e-m+fp/hard\libc_nano.a(libc_a-impure.o)
                0x2000001c                _impure_ptr
 .data._impure_data
                0x20000020       0x4c C:/ST/STM32CubeIDE_1.19.0/STM32CubeIDE/plugins/com.st.stm32cube.ide.mcu.externaltools.gnu-tools-for-stm32.13.3.rel1.win32_1.0.0.202411081344/tools/bin/../lib/gcc/arm-none-eabi/13.3.1/../../../../arm-none-eabi/lib/thumb/v7e-m+fp/hard\libc_nano.a(libc_a-impure.o)
                0x20000020                _impure_data
 *(.RamFunc)
 *(.RamFunc*)
                0x2000006c                        . = ALIGN (0x4)
                0x2000006c                        _edata = .
                0x08004f64                        _siccmram = LOADADDR (.ccmram)

.igot.plt       0x2000006c        0x0 load address 0x08004f64
 .igot.plt      0x2000006c        0x0 C:/ST/STM32CubeIDE_1.19.0/STM32CubeIDE/plugins/com.st.stm32cube.ide.mcu.externaltools.gnu-tools-for-stm32.13.3.rel1.win32_1.0.0.202411081344/tools/bin/../lib/gcc/arm-none-eabi/13.3.1/thumb/v7e-m+fp/hard/crtbegin.o

.ccmram         0x10000000        0x0 load address 0x08004f64
                0x10000000                        . = ALIGN (0x4)
                0x10000000                        _sccmram = .
 *(.ccmram)
 *(.ccmram*)
                0x10000000                        . = ALIGN (0x4)
                0x10000000                        _eccmram = .
                0x10000000                        . = ALIGN (0x4)

.bss            0x2000006c    0x12ee8
                0x2000006c                        _sbss = .
                0x2000006c                        __bss_start__ = _sbss
 *(.bss)
 .bss           0x2000006c       0x1c C:/ST/STM32CubeIDE_1.19.0/STM32CubeIDE/plugins/com.st.stm32cube.ide.mcu.externaltools.gnu-tools-for-stm32.13.3.rel1.win32_1.0.0.202411081344/tools/bin/../lib/gcc/arm-none-eabi/13.3.1/thumb/v7e-m+fp/hard/crtbegin.o
 *(.bss*)
 .bss.xButtonQueue
                0x20000088        0x4 ./Core/Src/main.o
 .bss.lastPressTick
                0x2000008c        0x4 ./Core/Src/main.o
 .bss.htim6     0x20000090       0x48 ./Core/Src/stm32f4xx_hal_timebase_tim.o
                0x20000090                htim6
 .bss.uwTick    0x200000d8        0x4 ./Drivers/STM32F4xx_HAL_Driver/Src/stm32f4xx_hal.o
                0x200000d8                uwTick
 .bss.pxCurrentTCB
                0x200000dc        0x4 ./ThirdParty/FreeRTOS-Kernel/tasks.o
                0x200000dc                pxCurrentTCB
 .bss.pxReadyTasksLists
                0x200000e0       0x64 ./ThirdParty/FreeRTOS-Kernel/tasks.o
 .bss.xDelayedTaskList1
                0x20000144       0x14 ./ThirdParty/FreeRTOS-Kernel/tasks.o
 .bss.xDelayedTaskList2
                0x20000158       0x14 ./ThirdParty/FreeRTOS-Kernel/tasks.o
 .bss.pxDelayedTaskList
                0x2000016c        0x4 ./ThirdParty/FreeRTOS-Kernel/tasks.o
 .bss.pxOverflowDelayedTaskList
                0x20000170        0x4 ./ThirdParty/FreeRTOS-Kernel/tasks.o
 .bss.xPendingReadyList
                0x20000174       0x14 ./ThirdParty/FreeRTOS-Kernel/tasks.o
 .bss.xTasksWaitingTermination
                0x20000188       0x14 ./ThirdParty/FreeRTOS-Kernel/tasks.o
 .bss.uxDeletedTasksWaitingCleanUp
                0x2000019c        0x4 ./ThirdParty/FreeRTOS-Kernel/tasks.o
 .bss.xSuspendedTaskList
                0x200001a0       0x14 ./ThirdParty/FreeRTOS-Kernel/tasks.o
 .bss.uxCurrentNumberOfTasks
                0x200001b4        0x4 ./ThirdParty/FreeRTOS-Kernel/tasks.o
 .bss.xTickCount
                0x200001b8        0x4 ./ThirdParty/FreeRTOS-Kernel/tasks.o
 .bss.uxTopReadyPriority
                0x200001bc        0x4 ./ThirdParty/FreeRTOS-Kernel/tasks.o
 .bss.xSchedulerRunning
                0x200001c0        0x4 ./ThirdParty/FreeRTOS-Kernel/tasks.o
 .bss.xPendedTicks
                0x200001c4        0x4 ./ThirdParty/FreeRTOS-Kernel/tasks.o
 .bss.xYieldPendings
                0x200001c8        0x4 ./ThirdParty/FreeRTOS-Kernel/tasks.o
 .bss.xNumOfOverflows
                0x200001cc        0x4 ./ThirdParty/FreeRTOS-Kernel/tasks.o
 .bss.uxTaskNumber
                0x200001d0        0x4 ./ThirdParty/FreeRTOS-Kernel/tasks.o
 .bss.xNextTaskUnblockTime
                0x200001d4        0x4 ./ThirdParty/FreeRTOS-Kernel/tasks.o
 .bss.xIdleTaskHandles
                0x200001d8        0x4 ./ThirdParty/FreeRTOS-Kernel/tasks.o
 .bss.uxSchedulerSuspended
                0x200001dc        0x4 ./ThirdParty/FreeRTOS-Kernel/tasks.o
 .bss.ucMaxSysCallPriority
                0x200001e0        0x1 ./ThirdParty/FreeRTOS-Kernel/portable/GCC/ARM_CM4F/port.o
 *fill*         0x200001e1        0x3 
 .bss.ulMaxPRIGROUPValue
                0x200001e4        0x4 ./ThirdParty/FreeRTOS-Kernel/portable/GCC/ARM_CM4F/port.o
 .bss.ucHeap    0x200001e8    0x12c00 ./ThirdParty/FreeRTOS-Kernel/portable/MemMang/heap_4.o
 .bss.xStart    0x20012de8        0x8 ./ThirdParty/FreeRTOS-Kernel/portable/MemMang/heap_4.o
 .bss.pxEnd     0x20012df0        0x4 ./ThirdParty/FreeRTOS-Kernel/portable/MemMang/heap_4.o
 .bss.xFreeBytesRemaining
                0x20012df4        0x4 ./ThirdParty/FreeRTOS-Kernel/portable/MemMang/heap_4.o
 .bss.xMinimumEverFreeBytesRemaining
                0x20012df8        0x4 ./ThirdParty/FreeRTOS-Kernel/portable/MemMang/heap_4.o
 .bss.xNumberOfSuccessfulAllocations
                0x20012dfc        0x4 ./ThirdParty/FreeRTOS-Kernel/portable/MemMang/heap_4.o
 .bss.xNumberOfSuccessfulFrees
                0x20012e00        0x4 ./ThirdParty/FreeRTOS-Kernel/portable/MemMang/heap_4.o
 .bss.__sf      0x20012e04      0x138 C:/ST/STM32CubeIDE_1.19.0/STM32CubeIDE/plugins/com.st.stm32cube.ide.mcu.externaltools.gnu-tools-for-stm32.13.3.rel1.win32_1.0.0.202411081344/tools/bin/../lib/gcc/arm-none-eabi/13.3.1/../../../../arm-none-eabi/lib/thumb/v7e-m+fp/hard\libc_nano.a(libc_a-findfp.o)
                0x20012e04                __sf
 .bss.__stdio_exit_handler
                0x20012f3c        0x4 C:/ST/STM32CubeIDE_1.19.0/STM32CubeIDE/plugins/com.st.stm32cube.ide.mcu.externaltools.gnu-tools-for-stm32.13.3.rel1.win32_1.0.0.202411081344/tools/bin/../lib/gcc/arm-none-eabi/13.3.1/../../../../arm-none-eabi/lib/thumb/v7e-m+fp/hard\libc_nano.a(libc_a-findfp.o)
                0x20012f3c                __stdio_exit_handler
 .bss.errno     0x20012f40        0x4 C:/ST/STM32CubeIDE_1.19.0/STM32CubeIDE/plugins/com.st.stm32cube.ide.mcu.externaltools.gnu-tools-for-stm32.13.3.rel1.win32_1.0.0.202411081344/tools/bin/../lib/gcc/arm-none-eabi/13.3.1/../../../../arm-none-eabi/lib/thumb/v7e-m+fp/hard\libc_nano.a(libc_a-reent.o)
                0x20012f40                errno
 .bss.__lock___malloc_recursive_mutex
                0x20012f44        0x1 C:/ST/STM32CubeIDE_1.19.0/STM32CubeIDE/plugins/com.st.stm32cube.ide.mcu.externaltools.gnu-tools-for-stm32.13.3.rel1.win32_1.0.0.202411081344/tools/bin/../lib/gcc/arm-none-eabi/13.3.1/../../../../arm-none-eabi/lib/thumb/v7e-m+fp/hard\libc_nano.a(libc_a-lock.o)
                0x20012f44                __lock___malloc_recursive_mutex
 .bss.__lock___sfp_recursive_mutex
                0x20012f45        0x1 C:/ST/STM32CubeIDE_1.19.0/STM32CubeIDE/plugins/com.st.stm32cube.ide.mcu.externaltools.gnu-tools-for-stm32.13.3.rel1.win32_1.0.0.202411081344/tools/bin/../lib/gcc/arm-none-eabi/13.3.1/../../../../arm-none-eabi/lib/thumb/v7e-m+fp/hard\libc_nano.a(libc_a-lock.o)
                0x20012f45                __lock___sfp_recursive_mutex
 *fill*         0x20012f46        0x2 
 .bss.__malloc_sbrk_start
                0x20012f48        0x4 C:/ST/STM32CubeIDE_1.19.0/STM32CubeIDE/plugins/com.st.stm32cube.ide.mcu.externaltools.gnu-tools-for-stm32.13.3.rel1.win32_1.0.0.202411081344/tools/bin/../lib/gcc/arm-none-eabi/13.3.1/../../../../arm-none-eabi/lib/thumb/v7e-m+fp/hard\libc_nano.a(libc_a-mallocr.o)
                0x20012f48                __malloc_sbrk_start
 .bss.__malloc_free_list
                0x20012f4c        0x4 C:/ST/STM32CubeIDE_1.19.0/STM32CubeIDE/plugins/com.st.stm32cube.ide.mcu.externaltools.gnu-tools-for-stm32.13.3.rel1.win32_1.0.0.202411081344/tools/bin/../lib/gcc/arm-none-eabi/13.3.1/../../../../arm-none-eabi/lib/thumb/v7e-m+fp/hard\libc_nano.a(libc_a-mallocr.o)
                0x20012f4c                __malloc_free_list
 .bss.heap_end.0
                0x20012f50        0x4 C:/ST/STM32CubeIDE_1.19.0/STM32CubeIDE/plugins/com.st.stm32cube.ide.mcu.externaltools.gnu-tools-for-stm32.13.3.rel1.win32_1.0.0.202411081344/tools/bin/../lib/gcc/arm-none-eabi/13.3.1/../../../../arm-none-eabi/lib/thumb/v7e-m+fp/hard\libnosys.a(sbrk.o)
 *(COMMON)
                0x20012f54                        . = ALIGN (0x4)
                0x20012f54                        _ebss = .
                0x20012f54                        __bss_end__ = _ebss

._user_heap_stack
                0x20012f54      0x604
                0x20012f58                        . = ALIGN (0x8)
 *fill*         0x20012f54        0x4 
                0x20012f58                        PROVIDE (end = .)
                [!provide]                        PROVIDE (_end = .)
                0x20013158                        . = (. + _Min_Heap_Size)
 *fill*         0x20012f58      0x200 
                0x20013558                        . = (. + _Min_Stack_Size)
 *fill*         0x20013158      0x400 
                0x20013558                        . = ALIGN (0x8)

/DISCARD/
 libc.a(*)
 libm.a(*)
 libgcc.a(*)

.ARM.attributes
                0x00000000       0x30
 *(.ARM.attributes)
 .ARM.attributes
                0x00000000       0x22 C:/ST/STM32CubeIDE_1.19.0/STM32CubeIDE/plugins/com.st.stm32cube.ide.mcu.externaltools.gnu-tools-for-stm32.13.3.rel1.win32_1.0.0.202411081344/tools/bin/../lib/gcc/arm-none-eabi/13.3.1/thumb/v7e-m+fp/hard/crti.o
 .ARM.attributes
                0x00000022       0x34 C:/ST/STM32CubeIDE_1.19.0/STM32CubeIDE/plugins/com.st.stm32cube.ide.mcu.externaltools.gnu-tools-for-stm32.13.3.rel1.win32_1.0.0.202411081344/tools/bin/../lib/gcc/arm-none-eabi/13.3.1/thumb/v7e-m+fp/hard/crtbegin.o
 .ARM.attributes
                0x00000056       0x34 ./Core/Src/main.o
 .ARM.attributes
                0x0000008a       0x34 ./Core/Src/stm32f4xx_hal_msp.o
 .ARM.attributes
                0x000000be       0x34 ./Core/Src/stm32f4xx_hal_timebase_tim.o
 .ARM.attributes
                0x000000f2       0x34 ./Core/Src/stm32f4xx_it.o
 .ARM.attributes
                0x00000126       0x34 ./Core/Src/syscalls.o
 .ARM.attributes
                0x0000015a       0x34 ./Core/Src/system_stm32f4xx.o
 .ARM.attributes
                0x0000018e       0x21 ./Core/Startup/startup_stm32f407vgtx.o
 .ARM.attributes
                0x000001af       0x34 ./Drivers/STM32F4xx_HAL_Driver/Src/stm32f4xx_hal.o
 .ARM.attributes
                0x000001e3       0x34 ./Drivers/STM32F4xx_HAL_Driver/Src/stm32f4xx_hal_cortex.o
 .ARM.attributes
                0x00000217       0x34 ./Drivers/STM32F4xx_HAL_Driver/Src/stm32f4xx_hal_gpio.o
 .ARM.attributes
                0x0000024b       0x34 ./Drivers/STM32F4xx_HAL_Driver/Src/stm32f4xx_hal_rcc.o
 .ARM.attributes
                0x0000027f       0x34 ./Drivers/STM32F4xx_HAL_Driver/Src/stm32f4xx_hal_tim.o
 .ARM.attributes
                0x000002b3       0x34 ./Drivers/STM32F4xx_HAL_Driver/Src/stm32f4xx_hal_tim_ex.o
 .ARM.attributes
                0x000002e7       0x34 ./ThirdParty/FreeRTOS-Kernel/list.o
 .ARM.attributes
                0x0000031b       0x34 ./ThirdParty/FreeRTOS-Kernel/queue.o
 .ARM.attributes
                0x0000034f       0x34 ./ThirdParty/FreeRTOS-Kernel/tasks.o
 .ARM.attributes
                0x00000383       0x34 ./ThirdParty/FreeRTOS-Kernel/portable/GCC/ARM_CM4F/port.o
 .ARM.attributes
                0x000003b7       0x34 ./ThirdParty/FreeRTOS-Kernel/portable/MemMang/heap_4.o
 .ARM.attributes
                0x000003eb       0x34 C:/ST/STM32CubeIDE_1.19.0/STM32CubeIDE/plugins/com.st.stm32cube.ide.mcu.externaltools.gnu-tools-for-stm32.13.3.rel1.win32_1.0.0.202411081344/tools/bin/../lib/gcc/arm-none-eabi/13.3.1/../../../../arm-none-eabi/lib/thumb/v7e-m+fp/hard\libc_nano.a(libc_a-findfp.o)
 .ARM.attributes
                0x0000041f       0x34 C:/ST/STM32CubeIDE_1.19.0/STM32CubeIDE/plugins/com.st.stm32cube.ide.mcu.externaltools.gnu-tools-for-stm32.13.3.rel1.win32_1.0.0.202411081344/tools/bin/../lib/gcc/arm-none-eabi/13.3.1/../../../../arm-none-eabi/lib/thumb/v7e-m+fp/hard\libc_nano.a(libc_a-fwalk.o)
 .ARM.attributes
                0x00000453       0x34 C:/ST/STM32CubeIDE_1.19.0/STM32CubeIDE/plugins/com.st.stm32cube.ide.mcu.externaltools.gnu-tools-for-stm32.13.3.rel1.win32_1.0.0.202411081344/tools/bin/../lib/gcc/arm-none-eabi/13.3.1/../../../../arm-none-eabi/lib/thumb/v7e-m+fp/hard\libc_nano.a(libc_a-puts.o)
 .ARM.attributes
                0x00000487       0x34 C:/ST/STM32CubeIDE_1.19.0/STM32CubeIDE/plugins/com.st.stm32cube.ide.mcu.externaltools.gnu-tools-for-stm32.13.3.rel1.win32_1.0.0.202411081344/tools/bin/../lib/gcc/arm-none-eabi/13.3.1/../../../../arm-none-eabi/lib/thumb/v7e-m+fp/hard\libc_nano.a(libc_a-stdio.o)
 .ARM.attributes
                0x000004bb       0x34 C:/ST/STM32CubeIDE_1.19.0/STM32CubeIDE/plugins/com.st.stm32cube.ide.mcu.externaltools.gnu-tools-for-stm32.13.3.rel1.win32_1.0.0.202411081344/tools/bin/../lib/gcc/arm-none-eabi/13.3.1/../../../../arm-none-eabi/lib/thumb/v7e-m+fp/hard\libc_nano.a(libc_a-wbuf.o)
 .ARM.attributes
                0x000004ef       0x34 C:/ST/STM32CubeIDE_1.19.0/STM32CubeIDE/plugins/com.st.stm32cube.ide.mcu.externaltools.gnu-tools-for-stm32.13.3.rel1.win32_1.0.0.202411081344/tools/bin/../lib/gcc/arm-none-eabi/13.3.1/../../../../arm-none-eabi/lib/thumb/v7e-m+fp/hard\libc_nano.a(libc_a-wsetup.o)
 .ARM.attributes
                0x00000523       0x34 C:/ST/STM32CubeIDE_1.19.0/STM32CubeIDE/plugins/com.st.stm32cube.ide.mcu.externaltools.gnu-tools-for-stm32.13.3.rel1.win32_1.0.0.202411081344/tools/bin/../lib/gcc/arm-none-eabi/13.3.1/../../../../arm-none-eabi/lib/thumb/v7e-m+fp/hard\libc_nano.a(libc_a-memset.o)
 .ARM.attributes
                0x00000557       0x34 C:/ST/STM32CubeIDE_1.19.0/STM32CubeIDE/plugins/com.st.stm32cube.ide.mcu.externaltools.gnu-tools-for-stm32.13.3.rel1.win32_1.0.0.202411081344/tools/bin/../lib/gcc/arm-none-eabi/13.3.1/../../../../arm-none-eabi/lib/thumb/v7e-m+fp/hard\libc_nano.a(libc_a-closer.o)
 .ARM.attributes
                0x0000058b       0x34 C:/ST/STM32CubeIDE_1.19.0/STM32CubeIDE/plugins/com.st.stm32cube.ide.mcu.externaltools.gnu-tools-for-stm32.13.3.rel1.win32_1.0.0.202411081344/tools/bin/../lib/gcc/arm-none-eabi/13.3.1/../../../../arm-none-eabi/lib/thumb/v7e-m+fp/hard\libc_nano.a(libc_a-reent.o)
 .ARM.attributes
                0x000005bf       0x34 C:/ST/STM32CubeIDE_1.19.0/STM32CubeIDE/plugins/com.st.stm32cube.ide.mcu.externaltools.gnu-tools-for-stm32.13.3.rel1.win32_1.0.0.202411081344/tools/bin/../lib/gcc/arm-none-eabi/13.3.1/../../../../arm-none-eabi/lib/thumb/v7e-m+fp/hard\libc_nano.a(libc_a-impure.o)
 .ARM.attributes
                0x000005f3       0x34 C:/ST/STM32CubeIDE_1.19.0/STM32CubeIDE/plugins/com.st.stm32cube.ide.mcu.externaltools.gnu-tools-for-stm32.13.3.rel1.win32_1.0.0.202411081344/tools/bin/../lib/gcc/arm-none-eabi/13.3.1/../../../../arm-none-eabi/lib/thumb/v7e-m+fp/hard\libc_nano.a(libc_a-lseekr.o)
 .ARM.attributes
                0x00000627       0x34 C:/ST/STM32CubeIDE_1.19.0/STM32CubeIDE/plugins/com.st.stm32cube.ide.mcu.externaltools.gnu-tools-for-stm32.13.3.rel1.win32_1.0.0.202411081344/tools/bin/../lib/gcc/arm-none-eabi/13.3.1/../../../../arm-none-eabi/lib/thumb/v7e-m+fp/hard\libc_nano.a(libc_a-readr.o)
 .ARM.attributes
                0x0000065b       0x34 C:/ST/STM32CubeIDE_1.19.0/STM32CubeIDE/plugins/com.st.stm32cube.ide.mcu.externaltools.gnu-tools-for-stm32.13.3.rel1.win32_1.0.0.202411081344/tools/bin/../lib/gcc/arm-none-eabi/13.3.1/../../../../arm-none-eabi/lib/thumb/v7e-m+fp/hard\libc_nano.a(libc_a-writer.o)
 .ARM.attributes
                0x0000068f       0x34 C:/ST/STM32CubeIDE_1.19.0/STM32CubeIDE/plugins/com.st.stm32cube.ide.mcu.externaltools.gnu-tools-for-stm32.13.3.rel1.win32_1.0.0.202411081344/tools/bin/../lib/gcc/arm-none-eabi/13.3.1/../../../../arm-none-eabi/lib/thumb/v7e-m+fp/hard\libc_nano.a(libc_a-init.o)
 .ARM.attributes
                0x000006c3       0x34 C:/ST/STM32CubeIDE_1.19.0/STM32CubeIDE/plugins/com.st.stm32cube.ide.mcu.externaltools.gnu-tools-for-stm32.13.3.rel1.win32_1.0.0.202411081344/tools/bin/../lib/gcc/arm-none-eabi/13.3.1/../../../../arm-none-eabi/lib/thumb/v7e-m+fp/hard\libc_nano.a(libc_a-lock.o)
 .ARM.attributes
                0x000006f7       0x34 C:/ST/STM32CubeIDE_1.19.0/STM32CubeIDE/plugins/com.st.stm32cube.ide.mcu.externaltools.gnu-tools-for-stm32.13.3.rel1.win32_1.0.0.202411081344/tools/bin/../lib/gcc/arm-none-eabi/13.3.1/../../../../arm-none-eabi/lib/thumb/v7e-m+fp/hard\libc_nano.a(libc_a-memcpy-stub.o)
 .ARM.attributes
                0x0000072b       0x34 C:/ST/STM32CubeIDE_1.19.0/STM32CubeIDE/plugins/com.st.stm32cube.ide.mcu.externaltools.gnu-tools-for-stm32.13.3.rel1.win32_1.0.0.202411081344/tools/bin/../lib/gcc/arm-none-eabi/13.3.1/../../../../arm-none-eabi/lib/thumb/v7e-m+fp/hard\libc_nano.a(libc_a-freer.o)
 .ARM.attributes
                0x0000075f       0x34 C:/ST/STM32CubeIDE_1.19.0/STM32CubeIDE/plugins/com.st.stm32cube.ide.mcu.externaltools.gnu-tools-for-stm32.13.3.rel1.win32_1.0.0.202411081344/tools/bin/../lib/gcc/arm-none-eabi/13.3.1/../../../../arm-none-eabi/lib/thumb/v7e-m+fp/hard\libc_nano.a(libc_a-mallocr.o)
 .ARM.attributes
                0x00000793       0x34 C:/ST/STM32CubeIDE_1.19.0/STM32CubeIDE/plugins/com.st.stm32cube.ide.mcu.externaltools.gnu-tools-for-stm32.13.3.rel1.win32_1.0.0.202411081344/tools/bin/../lib/gcc/arm-none-eabi/13.3.1/../../../../arm-none-eabi/lib/thumb/v7e-m+fp/hard\libc_nano.a(libc_a-mlock.o)
 .ARM.attributes
                0x000007c7       0x34 C:/ST/STM32CubeIDE_1.19.0/STM32CubeIDE/plugins/com.st.stm32cube.ide.mcu.externaltools.gnu-tools-for-stm32.13.3.rel1.win32_1.0.0.202411081344/tools/bin/../lib/gcc/arm-none-eabi/13.3.1/../../../../arm-none-eabi/lib/thumb/v7e-m+fp/hard\libc_nano.a(libc_a-fflush.o)
 .ARM.attributes
                0x000007fb       0x34 C:/ST/STM32CubeIDE_1.19.0/STM32CubeIDE/plugins/com.st.stm32cube.ide.mcu.externaltools.gnu-tools-for-stm32.13.3.rel1.win32_1.0.0.202411081344/tools/bin/../lib/gcc/arm-none-eabi/13.3.1/../../../../arm-none-eabi/lib/thumb/v7e-m+fp/hard\libc_nano.a(libc_a-makebuf.o)
 .ARM.attributes
                0x0000082f       0x34 C:/ST/STM32CubeIDE_1.19.0/STM32CubeIDE/plugins/com.st.stm32cube.ide.mcu.externaltools.gnu-tools-for-stm32.13.3.rel1.win32_1.0.0.202411081344/tools/bin/../lib/gcc/arm-none-eabi/13.3.1/../../../../arm-none-eabi/lib/thumb/v7e-m+fp/hard\libc_nano.a(libc_a-fstatr.o)
 .ARM.attributes
                0x00000863       0x34 C:/ST/STM32CubeIDE_1.19.0/STM32CubeIDE/plugins/com.st.stm32cube.ide.mcu.externaltools.gnu-tools-for-stm32.13.3.rel1.win32_1.0.0.202411081344/tools/bin/../lib/gcc/arm-none-eabi/13.3.1/../../../../arm-none-eabi/lib/thumb/v7e-m+fp/hard\libc_nano.a(libc_a-isattyr.o)
 .ARM.attributes
                0x00000897       0x34 C:/ST/STM32CubeIDE_1.19.0/STM32CubeIDE/plugins/com.st.stm32cube.ide.mcu.externaltools.gnu-tools-for-stm32.13.3.rel1.win32_1.0.0.202411081344/tools/bin/../lib/gcc/arm-none-eabi/13.3.1/../../../../arm-none-eabi/lib/thumb/v7e-m+fp/hard\libc_nano.a(libc_a-sbrkr.o)
 .ARM.attributes
                0x000008cb       0x22 C:/ST/STM32CubeIDE_1.19.0/STM32CubeIDE/plugins/com.st.stm32cube.ide.mcu.externaltools.gnu-tools-for-stm32.13.3.rel1.win32_1.0.0.202411081344/tools/bin/../lib/gcc/arm-none-eabi/13.3.1/thumb/v7e-m+fp/hard\libgcc.a(_aeabi_uldivmod.o)
 .ARM.attributes
                0x000008ed       0x34 C:/ST/STM32CubeIDE_1.19.0/STM32CubeIDE/plugins/com.st.stm32cube.ide.mcu.externaltools.gnu-tools-for-stm32.13.3.rel1.win32_1.0.0.202411081344/tools/bin/../lib/gcc/arm-none-eabi/13.3.1/thumb/v7e-m+fp/hard\libgcc.a(_udivmoddi4.o)
 .ARM.attributes
                0x00000921       0x22 C:/ST/STM32CubeIDE_1.19.0/STM32CubeIDE/plugins/com.st.stm32cube.ide.mcu.externaltools.gnu-tools-for-stm32.13.3.rel1.win32_1.0.0.202411081344/tools/bin/../lib/gcc/arm-none-eabi/13.3.1/thumb/v7e-m+fp/hard\libgcc.a(_dvmd_tls.o)
 .ARM.attributes
                0x00000943       0x34 C:/ST/STM32CubeIDE_1.19.0/STM32CubeIDE/plugins/com.st.stm32cube.ide.mcu.externaltools.gnu-tools-for-stm32.13.3.rel1.win32_1.0.0.202411081344/tools/bin/../lib/gcc/arm-none-eabi/13.3.1/../../../../arm-none-eabi/lib/thumb/v7e-m+fp/hard\libnosys.a(sbrk.o)
 .ARM.attributes
                0x00000977       0x22 C:/ST/STM32CubeIDE_1.19.0/STM32CubeIDE/plugins/com.st.stm32cube.ide.mcu.externaltools.gnu-tools-for-stm32.13.3.rel1.win32_1.0.0.202411081344/tools/bin/../lib/gcc/arm-none-eabi/13.3.1/thumb/v7e-m+fp/hard/crtn.o
OUTPUT(ButtonHandler.elf elf32-littlearm)
LOAD linker stubs
LOAD C:/ST/STM32CubeIDE_1.19.0/STM32CubeIDE/plugins/com.st.stm32cube.ide.mcu.externaltools.gnu-tools-for-stm32.13.3.rel1.win32_1.0.0.202411081344/tools/bin/../lib/gcc/arm-none-eabi/13.3.1/../../../../arm-none-eabi/lib/thumb/v7e-m+fp/hard\libc.a
LOAD C:/ST/STM32CubeIDE_1.19.0/STM32CubeIDE/plugins/com.st.stm32cube.ide.mcu.externaltools.gnu-tools-for-stm32.13.3.rel1.win32_1.0.0.202411081344/tools/bin/../lib/gcc/arm-none-eabi/13.3.1/../../../../arm-none-eabi/lib/thumb/v7e-m+fp/hard\libm.a
LOAD C:/ST/STM32CubeIDE_1.19.0/STM32CubeIDE/plugins/com.st.stm32cube.ide.mcu.externaltools.gnu-tools-for-stm32.13.3.rel1.win32_1.0.0.202411081344/tools/bin/../lib/gcc/arm-none-eabi/13.3.1/thumb/v7e-m+fp/hard\libgcc.a

.debug_info     0x00000000     0xe702
 .debug_info    0x00000000     0x12fe ./Core/Src/main.o
 .debug_info    0x000012fe      0x269 ./Core/Src/stm32f4xx_hal_msp.o
 .debug_info    0x00001567      0xbee ./Core/Src/stm32f4xx_hal_timebase_tim.o
 .debug_info    0x00002155      0x6e3 ./Core/Src/stm32f4xx_it.o
 .debug_info    0x00002838      0x6d1 ./Core/Src/syscalls.o
 .debug_info    0x00002f09      0x512 ./Core/Src/system_stm32f4xx.o
 .debug_info    0x0000341b       0x30 ./Core/Startup/startup_stm32f407vgtx.o
 .debug_info    0x0000344b      0x944 ./Drivers/STM32F4xx_HAL_Driver/Src/stm32f4xx_hal.o
 .debug_info    0x00003d8f      0xd8c ./Drivers/STM32F4xx_HAL_Driver/Src/stm32f4xx_hal_cortex.o
 .debug_info    0x00004b1b      0x6c3 ./Drivers/STM32F4xx_HAL_Driver/Src/stm32f4xx_hal_gpio.o
 .debug_info    0x000051de      0x8c3 ./Drivers/STM32F4xx_HAL_Driver/Src/stm32f4xx_hal_rcc.o
 .debug_info    0x00005aa1     0x299d ./Drivers/STM32F4xx_HAL_Driver/Src/stm32f4xx_hal_tim.o
 .debug_info    0x0000843e     0x14db ./Drivers/STM32F4xx_HAL_Driver/Src/stm32f4xx_hal_tim_ex.o
 .debug_info    0x00009919      0x2aa ./ThirdParty/FreeRTOS-Kernel/list.o
 .debug_info    0x00009bc3     0x1777 ./ThirdParty/FreeRTOS-Kernel/queue.o
 .debug_info    0x0000b33a     0x285b ./ThirdParty/FreeRTOS-Kernel/tasks.o
 .debug_info    0x0000db95      0x581 ./ThirdParty/FreeRTOS-Kernel/portable/GCC/ARM_CM4F/port.o
 .debug_info    0x0000e116      0x5ec ./ThirdParty/FreeRTOS-Kernel/portable/MemMang/heap_4.o

.debug_abbrev   0x00000000     0x25ce
 .debug_abbrev  0x00000000      0x394 ./Core/Src/main.o
 .debug_abbrev  0x00000394       0xd8 ./Core/Src/stm32f4xx_hal_msp.o
 .debug_abbrev  0x0000046c      0x1f4 ./Core/Src/stm32f4xx_hal_timebase_tim.o
 .debug_abbrev  0x00000660      0x194 ./Core/Src/stm32f4xx_it.o
 .debug_abbrev  0x000007f4      0x1b1 ./Core/Src/syscalls.o
 .debug_abbrev  0x000009a5      0x11a ./Core/Src/system_stm32f4xx.o
 .debug_abbrev  0x00000abf       0x24 ./Core/Startup/startup_stm32f407vgtx.o
 .debug_abbrev  0x00000ae3      0x214 ./Drivers/STM32F4xx_HAL_Driver/Src/stm32f4xx_hal.o
 .debug_abbrev  0x00000cf7      0x31d ./Drivers/STM32F4xx_HAL_Driver/Src/stm32f4xx_hal_cortex.o
 .debug_abbrev  0x00001014      0x1d4 ./Drivers/STM32F4xx_HAL_Driver/Src/stm32f4xx_hal_gpio.o
 .debug_abbrev  0x000011e8      0x2b7 ./Drivers/STM32F4xx_HAL_Driver/Src/stm32f4xx_hal_rcc.o
 .debug_abbrev  0x0000149f      0x278 ./Drivers/STM32F4xx_HAL_Driver/Src/stm32f4xx_hal_tim.o
 .debug_abbrev  0x00001717      0x283 ./Drivers/STM32F4xx_HAL_Driver/Src/stm32f4xx_hal_tim_ex.o
 .debug_abbrev  0x0000199a       0xee ./ThirdParty/FreeRTOS-Kernel/list.o
 .debug_abbrev  0x00001a88      0x322 ./ThirdParty/FreeRTOS-Kernel/queue.o
 .debug_abbrev  0x00001daa      0x382 ./ThirdParty/FreeRTOS-Kernel/tasks.o
 .debug_abbrev  0x0000212c      0x248 ./ThirdParty/FreeRTOS-Kernel/portable/GCC/ARM_CM4F/port.o
 .debug_abbrev  0x00002374      0x25a ./ThirdParty/FreeRTOS-Kernel/portable/MemMang/heap_4.o

.debug_aranges  0x00000000      0xed0
 .debug_aranges
                0x00000000       0x60 ./Core/Src/main.o
 .debug_aranges
                0x00000060       0x20 ./Core/Src/stm32f4xx_hal_msp.o
 .debug_aranges
                0x00000080       0x30 ./Core/Src/stm32f4xx_hal_timebase_tim.o
 .debug_aranges
                0x000000b0       0x58 ./Core/Src/stm32f4xx_it.o
 .debug_aranges
                0x00000108       0xb0 ./Core/Src/syscalls.o
 .debug_aranges
                0x000001b8       0x28 ./Core/Src/system_stm32f4xx.o
 .debug_aranges
                0x000001e0       0x28 ./Core/Startup/startup_stm32f407vgtx.o
 .debug_aranges
                0x00000208       0xf0 ./Drivers/STM32F4xx_HAL_Driver/Src/stm32f4xx_hal.o
 .debug_aranges
                0x000002f8      0x130 ./Drivers/STM32F4xx_HAL_Driver/Src/stm32f4xx_hal_cortex.o
 .debug_aranges
                0x00000428       0x58 ./Drivers/STM32F4xx_HAL_Driver/Src/stm32f4xx_hal_gpio.o
 .debug_aranges
                0x00000480       0x88 ./Drivers/STM32F4xx_HAL_Driver/Src/stm32f4xx_hal_rcc.o
 .debug_aranges
                0x00000508      0x3d0 ./Drivers/STM32F4xx_HAL_Driver/Src/stm32f4xx_hal_tim.o
 .debug_aranges
                0x000008d8      0x168 ./Drivers/STM32F4xx_HAL_Driver/Src/stm32f4xx_hal_tim_ex.o
 .debug_aranges
                0x00000a40       0x40 ./ThirdParty/FreeRTOS-Kernel/list.o
 .debug_aranges
                0x00000a80      0x138 ./ThirdParty/FreeRTOS-Kernel/queue.o
 .debug_aranges
                0x00000bb8      0x228 ./ThirdParty/FreeRTOS-Kernel/tasks.o
 .debug_aranges
                0x00000de0       0x80 ./ThirdParty/FreeRTOS-Kernel/portable/GCC/ARM_CM4F/port.o
 .debug_aranges
                0x00000e60       0x70 ./ThirdParty/FreeRTOS-Kernel/portable/MemMang/heap_4.o

.debug_rnglists
                0x00000000      0xb73
 .debug_rnglists
                0x00000000       0x46 ./Core/Src/main.o
 .debug_rnglists
                0x00000046       0x13 ./Core/Src/stm32f4xx_hal_msp.o
 .debug_rnglists
                0x00000059       0x20 ./Core/Src/stm32f4xx_hal_timebase_tim.o
 .debug_rnglists
                0x00000079       0x3d ./Core/Src/stm32f4xx_it.o
 .debug_rnglists
                0x000000b6       0x7f ./Core/Src/syscalls.o
 .debug_rnglists
                0x00000135       0x1a ./Core/Src/system_stm32f4xx.o
 .debug_rnglists
                0x0000014f       0x19 ./Core/Startup/startup_stm32f407vgtx.o
 .debug_rnglists
                0x00000168       0xaf ./Drivers/STM32F4xx_HAL_Driver/Src/stm32f4xx_hal.o
 .debug_rnglists
                0x00000217       0xe0 ./Drivers/STM32F4xx_HAL_Driver/Src/stm32f4xx_hal_cortex.o
 .debug_rnglists
                0x000002f7       0x3f ./Drivers/STM32F4xx_HAL_Driver/Src/stm32f4xx_hal_gpio.o
 .debug_rnglists
                0x00000336       0x66 ./Drivers/STM32F4xx_HAL_Driver/Src/stm32f4xx_hal_rcc.o
 .debug_rnglists
                0x0000039c      0x31a ./Drivers/STM32F4xx_HAL_Driver/Src/stm32f4xx_hal_tim.o
 .debug_rnglists
                0x000006b6      0x125 ./Drivers/STM32F4xx_HAL_Driver/Src/stm32f4xx_hal_tim_ex.o
 .debug_rnglists
                0x000007db       0x2b ./ThirdParty/FreeRTOS-Kernel/list.o
 .debug_rnglists
                0x00000806       0xf3 ./ThirdParty/FreeRTOS-Kernel/queue.o
 .debug_rnglists
                0x000008f9      0x1c9 ./ThirdParty/FreeRTOS-Kernel/tasks.o
 .debug_rnglists
                0x00000ac2       0x5d ./ThirdParty/FreeRTOS-Kernel/portable/GCC/ARM_CM4F/port.o
 .debug_rnglists
                0x00000b1f       0x54 ./ThirdParty/FreeRTOS-Kernel/portable/MemMang/heap_4.o

.debug_macro    0x00000000    0x237c1
 .debug_macro   0x00000000      0x263 ./Core/Src/main.o
 .debug_macro   0x00000263      0xad8 ./Core/Src/main.o
 .debug_macro   0x00000d3b      0x295 ./Core/Src/main.o
 .debug_macro   0x00000fd0       0x2e ./Core/Src/main.o
 .debug_macro   0x00000ffe       0x2f ./Core/Src/main.o
 .debug_macro   0x0000102d       0x22 ./Core/Src/main.o
 .debug_macro   0x0000104f       0x8e ./Core/Src/main.o
 .debug_macro   0x000010dd       0x51 ./Core/Src/main.o
 .debug_macro   0x0000112e      0x103 ./Core/Src/main.o
 .debug_macro   0x00001231       0x6a ./Core/Src/main.o
 .debug_macro   0x0000129b      0x1df ./Core/Src/main.o
 .debug_macro   0x0000147a       0x1c ./Core/Src/main.o
 .debug_macro   0x00001496       0x22 ./Core/Src/main.o
 .debug_macro   0x000014b8       0xfb ./Core/Src/main.o
 .debug_macro   0x000015b3     0x1011 ./Core/Src/main.o
 .debug_macro   0x000025c4      0x11f ./Core/Src/main.o
 .debug_macro   0x000026e3    0x15ea5 ./Core/Src/main.o
 .debug_macro   0x00018588       0x6d ./Core/Src/main.o
 .debug_macro   0x000185f5     0x3693 ./Core/Src/main.o
 .debug_macro   0x0001bc88      0x190 ./Core/Src/main.o
 .debug_macro   0x0001be18       0x5c ./Core/Src/main.o
 .debug_macro   0x0001be74      0x980 ./Core/Src/main.o
 .debug_macro   0x0001c7f4      0x9e9 ./Core/Src/main.o
 .debug_macro   0x0001d1dd      0x115 ./Core/Src/main.o
 .debug_macro   0x0001d2f2      0x13e ./Core/Src/main.o
 .debug_macro   0x0001d430       0xa5 ./Core/Src/main.o
 .debug_macro   0x0001d4d5      0x174 ./Core/Src/main.o
 .debug_macro   0x0001d649      0x287 ./Core/Src/main.o
 .debug_macro   0x0001d8d0       0x5f ./Core/Src/main.o
 .debug_macro   0x0001d92f      0x236 ./Core/Src/main.o
 .debug_macro   0x0001db65      0x12c ./Core/Src/main.o
 .debug_macro   0x0001dc91      0x21e ./Core/Src/main.o
 .debug_macro   0x0001deaf       0x2e ./Core/Src/main.o
 .debug_macro   0x0001dedd      0x127 ./Core/Src/main.o
 .debug_macro   0x0001e004       0x7e ./Core/Src/main.o
 .debug_macro   0x0001e082       0x89 ./Core/Src/main.o
 .debug_macro   0x0001e10b      0x8ed ./Core/Src/main.o
 .debug_macro   0x0001e9f8       0x4d ./Core/Src/main.o
 .debug_macro   0x0001ea45      0x12d ./Core/Src/main.o
 .debug_macro   0x0001eb72      0x196 ./Core/Src/main.o
 .debug_macro   0x0001ed08       0x16 ./Core/Src/main.o
 .debug_macro   0x0001ed1e      0x112 ./Core/Src/main.o
 .debug_macro   0x0001ee30       0x2e ./Core/Src/main.o
 .debug_macro   0x0001ee5e      0x182 ./Core/Src/main.o
 .debug_macro   0x0001efe0       0xee ./Core/Src/main.o
 .debug_macro   0x0001f0ce       0x3a ./Core/Src/main.o
 .debug_macro   0x0001f108       0x1f ./Core/Src/main.o
 .debug_macro   0x0001f127       0x12 ./Core/Src/main.o
 .debug_macro   0x0001f139     0x10e9 ./Core/Src/main.o
 .debug_macro   0x00020222       0xc3 ./Core/Src/main.o
 .debug_macro   0x000202e5      0x161 ./Core/Src/main.o
 .debug_macro   0x00020446       0x80 ./Core/Src/main.o
 .debug_macro   0x000204c6      0x1d3 ./Core/Src/stm32f4xx_hal_msp.o
 .debug_macro   0x00020699      0x1c4 ./Core/Src/stm32f4xx_hal_timebase_tim.o
 .debug_macro   0x0002085d      0x1dd ./Core/Src/stm32f4xx_it.o
 .debug_macro   0x00020a3a      0x286 ./Core/Src/syscalls.o
 .debug_macro   0x00020cc0       0x5b ./Core/Src/syscalls.o
 .debug_macro   0x00020d1b       0x2a ./Core/Src/syscalls.o
 .debug_macro   0x00020d45       0x94 ./Core/Src/syscalls.o
 .debug_macro   0x00020dd9       0x43 ./Core/Src/syscalls.o
 .debug_macro   0x00020e1c       0x34 ./Core/Src/syscalls.o
 .debug_macro   0x00020e50       0x57 ./Core/Src/syscalls.o
 .debug_macro   0x00020ea7      0x370 ./Core/Src/syscalls.o
 .debug_macro   0x00021217       0x16 ./Core/Src/syscalls.o
 .debug_macro   0x0002122d       0x4a ./Core/Src/syscalls.o
 .debug_macro   0x00021277       0x34 ./Core/Src/syscalls.o
 .debug_macro   0x000212ab       0x10 ./Core/Src/syscalls.o
 .debug_macro   0x000212bb       0x58 ./Core/Src/syscalls.o
 .debug_macro   0x00021313       0x8e ./Core/Src/syscalls.o
 .debug_macro   0x000213a1       0x1c ./Core/Src/syscalls.o
 .debug_macro   0x000213bd      0x185 ./Core/Src/syscalls.o
 .debug_macro   0x00021542       0x10 ./Core/Src/syscalls.o
 .debug_macro   0x00021552       0x3c ./Core/Src/syscalls.o
 .debug_macro   0x0002158e       0x10 ./Core/Src/syscalls.o
 .debug_macro   0x0002159e       0x10 ./Core/Src/syscalls.o
 .debug_macro   0x000215ae       0x10 ./Core/Src/syscalls.o
 .debug_macro   0x000215be       0x1c ./Core/Src/syscalls.o
 .debug_macro   0x000215da       0x52 ./Core/Src/syscalls.o
 .debug_macro   0x0002162c       0x22 ./Core/Src/syscalls.o
 .debug_macro   0x0002164e       0x10 ./Core/Src/syscalls.o
 .debug_macro   0x0002165e       0x52 ./Core/Src/syscalls.o
 .debug_macro   0x000216b0       0xcf ./Core/Src/syscalls.o
 .debug_macro   0x0002177f       0x1c ./Core/Src/syscalls.o
 .debug_macro   0x0002179b       0x3d ./Core/Src/syscalls.o
 .debug_macro   0x000217d8       0x35 ./Core/Src/syscalls.o
 .debug_macro   0x0002180d      0x12c ./Core/Src/syscalls.o
 .debug_macro   0x00021939       0x16 ./Core/Src/syscalls.o
 .debug_macro   0x0002194f       0x16 ./Core/Src/syscalls.o
 .debug_macro   0x00021965       0x29 ./Core/Src/syscalls.o
 .debug_macro   0x0002198e       0x10 ./Core/Src/syscalls.o
 .debug_macro   0x0002199e      0x242 ./Core/Src/syscalls.o
 .debug_macro   0x00021be0       0x1c ./Core/Src/syscalls.o
 .debug_macro   0x00021bfc       0x10 ./Core/Src/syscalls.o
 .debug_macro   0x00021c0c       0x10 ./Core/Src/syscalls.o
 .debug_macro   0x00021c1c       0x16 ./Core/Src/syscalls.o
 .debug_macro   0x00021c32      0x146 ./Core/Src/syscalls.o
 .debug_macro   0x00021d78      0x18a ./Core/Src/syscalls.o
 .debug_macro   0x00021f02       0x16 ./Core/Src/syscalls.o
 .debug_macro   0x00021f18       0xce ./Core/Src/syscalls.o
 .debug_macro   0x00021fe6      0x1c4 ./Core/Src/system_stm32f4xx.o
 .debug_macro   0x000221aa      0x224 ./Drivers/STM32F4xx_HAL_Driver/Src/stm32f4xx_hal.o
 .debug_macro   0x000223ce      0x1c4 ./Drivers/STM32F4xx_HAL_Driver/Src/stm32f4xx_hal_cortex.o
 .debug_macro   0x00022592      0x1ca ./Drivers/STM32F4xx_HAL_Driver/Src/stm32f4xx_hal_gpio.o
 .debug_macro   0x0002275c      0x1e8 ./Drivers/STM32F4xx_HAL_Driver/Src/stm32f4xx_hal_rcc.o
 .debug_macro   0x00022944      0x1c5 ./Drivers/STM32F4xx_HAL_Driver/Src/stm32f4xx_hal_tim.o
 .debug_macro   0x00022b09      0x1c4 ./Drivers/STM32F4xx_HAL_Driver/Src/stm32f4xx_hal_tim_ex.o
 .debug_macro   0x00022ccd      0x1a2 ./ThirdParty/FreeRTOS-Kernel/list.o
 .debug_macro   0x00022e6f      0x239 ./ThirdParty/FreeRTOS-Kernel/queue.o
 .debug_macro   0x000230a8       0x16 ./ThirdParty/FreeRTOS-Kernel/queue.o
 .debug_macro   0x000230be       0x20 ./ThirdParty/FreeRTOS-Kernel/queue.o
 .debug_macro   0x000230de      0x2c6 ./ThirdParty/FreeRTOS-Kernel/tasks.o
 .debug_macro   0x000233a4       0x17 ./ThirdParty/FreeRTOS-Kernel/tasks.o
 .debug_macro   0x000233bb      0x1cf ./ThirdParty/FreeRTOS-Kernel/portable/GCC/ARM_CM4F/port.o
 .debug_macro   0x0002358a      0x237 ./ThirdParty/FreeRTOS-Kernel/portable/MemMang/heap_4.o

.debug_line     0x00000000    0x1099b
 .debug_line    0x00000000      0xb92 ./Core/Src/main.o
 .debug_line    0x00000b92      0x72e ./Core/Src/stm32f4xx_hal_msp.o
 .debug_line    0x000012c0      0x7ac ./Core/Src/stm32f4xx_hal_timebase_tim.o
 .debug_line    0x00001a6c      0x7cf ./Core/Src/stm32f4xx_it.o
 .debug_line    0x0000223b      0x8eb ./Core/Src/syscalls.o
 .debug_line    0x00002b26      0x7a4 ./Core/Src/system_stm32f4xx.o
 .debug_line    0x000032ca       0x7a ./Core/Startup/startup_stm32f407vgtx.o
 .debug_line    0x00003344      0xa20 ./Drivers/STM32F4xx_HAL_Driver/Src/stm32f4xx_hal.o
 .debug_line    0x00003d64      0xcf0 ./Drivers/STM32F4xx_HAL_Driver/Src/stm32f4xx_hal_cortex.o
 .debug_line    0x00004a54      0xb78 ./Drivers/STM32F4xx_HAL_Driver/Src/stm32f4xx_hal_gpio.o
 .debug_line    0x000055cc      0xe2f ./Drivers/STM32F4xx_HAL_Driver/Src/stm32f4xx_hal_rcc.o
 .debug_line    0x000063fb     0x3795 ./Drivers/STM32F4xx_HAL_Driver/Src/stm32f4xx_hal_tim.o
 .debug_line    0x00009b90     0x1980 ./Drivers/STM32F4xx_HAL_Driver/Src/stm32f4xx_hal_tim_ex.o
 .debug_line    0x0000b510      0x84b ./ThirdParty/FreeRTOS-Kernel/list.o
 .debug_line    0x0000bd5b     0x1635 ./ThirdParty/FreeRTOS-Kernel/queue.o
 .debug_line    0x0000d390     0x20c6 ./ThirdParty/FreeRTOS-Kernel/tasks.o
 .debug_line    0x0000f456      0x959 ./ThirdParty/FreeRTOS-Kernel/portable/GCC/ARM_CM4F/port.o
 .debug_line    0x0000fdaf      0xbec ./ThirdParty/FreeRTOS-Kernel/portable/MemMang/heap_4.o

.debug_str      0x00000000    0xd9f01
 .debug_str     0x00000000    0xd9f01 ./Core/Src/main.o
                              0xceae7 (size before relaxing)
 .debug_str     0x000d9f01    0xc2822 ./Core/Src/stm32f4xx_hal_msp.o
 .debug_str     0x000d9f01    0xc2d3a ./Core/Src/stm32f4xx_hal_timebase_tim.o
 .debug_str     0x000d9f01    0xc2d11 ./Core/Src/stm32f4xx_it.o
 .debug_str     0x000d9f01     0x9a9c ./Core/Src/syscalls.o
 .debug_str     0x000d9f01    0xc2243 ./Core/Src/system_stm32f4xx.o
 .debug_str     0x000d9f01       0x8e ./Core/Startup/startup_stm32f407vgtx.o
 .debug_str     0x000d9f01    0xc2dc7 ./Drivers/STM32F4xx_HAL_Driver/Src/stm32f4xx_hal.o
 .debug_str     0x000d9f01    0xc2b43 ./Drivers/STM32F4xx_HAL_Driver/Src/stm32f4xx_hal_cortex.o
 .debug_str     0x000d9f01    0xc23be ./Drivers/STM32F4xx_HAL_Driver/Src/stm32f4xx_hal_gpio.o
 .debug_str     0x000d9f01    0xc2677 ./Drivers/STM32F4xx_HAL_Driver/Src/stm32f4xx_hal_rcc.o
 .debug_str     0x000d9f01    0xc35cd ./Drivers/STM32F4xx_HAL_Driver/Src/stm32f4xx_hal_tim.o
 .debug_str     0x000d9f01    0xc2dd9 ./Drivers/STM32F4xx_HAL_Driver/Src/stm32f4xx_hal_tim_ex.o
 .debug_str     0x000d9f01    0x10cd4 ./ThirdParty/FreeRTOS-Kernel/list.o
 .debug_str     0x000d9f01    0x13623 ./ThirdParty/FreeRTOS-Kernel/queue.o
 .debug_str     0x000d9f01    0x144d2 ./ThirdParty/FreeRTOS-Kernel/tasks.o
 .debug_str     0x000d9f01     0xf7f1 ./ThirdParty/FreeRTOS-Kernel/portable/GCC/ARM_CM4F/port.o
 .debug_str     0x000d9f01    0x128d9 ./ThirdParty/FreeRTOS-Kernel/portable/MemMang/heap_4.o

.comment        0x00000000       0x43
 .comment       0x00000000       0x43 ./Core/Src/main.o
                                 0x44 (size before relaxing)
 .comment       0x00000043       0x44 ./Core/Src/stm32f4xx_hal_msp.o
 .comment       0x00000043       0x44 ./Core/Src/stm32f4xx_hal_timebase_tim.o
 .comment       0x00000043       0x44 ./Core/Src/stm32f4xx_it.o
 .comment       0x00000043       0x44 ./Core/Src/syscalls.o
 .comment       0x00000043       0x44 ./Core/Src/system_stm32f4xx.o
 .comment       0x00000043       0x44 ./Drivers/STM32F4xx_HAL_Driver/Src/stm32f4xx_hal.o
 .comment       0x00000043       0x44 ./Drivers/STM32F4xx_HAL_Driver/Src/stm32f4xx_hal_cortex.o
 .comment       0x00000043       0x44 ./Drivers/STM32F4xx_HAL_Driver/Src/stm32f4xx_hal_gpio.o
 .comment       0x00000043       0x44 ./Drivers/STM32F4xx_HAL_Driver/Src/stm32f4xx_hal_rcc.o
 .comment       0x00000043       0x44 ./Drivers/STM32F4xx_HAL_Driver/Src/stm32f4xx_hal_tim.o
 .comment       0x00000043       0x44 ./Drivers/STM32F4xx_HAL_Driver/Src/stm32f4xx_hal_tim_ex.o
 .comment       0x00000043       0x44 ./ThirdParty/FreeRTOS-Kernel/list.o
 .comment       0x00000043       0x44 ./ThirdParty/FreeRTOS-Kernel/queue.o
 .comment       0x00000043       0x44 ./ThirdParty/FreeRTOS-Kernel/tasks.o
 .comment       0x00000043       0x44 ./ThirdParty/FreeRTOS-Kernel/portable/GCC/ARM_CM4F/port.o
 .comment       0x00000043       0x44 ./ThirdParty/FreeRTOS-Kernel/portable/MemMang/heap_4.o

.debug_frame    0x00000000     0x43d0
 .debug_frame   0x00000000      0x13c ./Core/Src/main.o
 .debug_frame   0x0000013c       0x38 ./Core/Src/stm32f4xx_hal_msp.o
 .debug_frame   0x00000174       0x74 ./Core/Src/stm32f4xx_hal_timebase_tim.o
 .debug_frame   0x000001e8       0xe0 ./Core/Src/stm32f4xx_it.o
 .debug_frame   0x000002c8      0x2d4 ./Core/Src/syscalls.o
 .debug_frame   0x0000059c       0x58 ./Core/Src/system_stm32f4xx.o
 .debug_frame   0x000005f4      0x374 ./Drivers/STM32F4xx_HAL_Driver/Src/stm32f4xx_hal.o
 .debug_frame   0x00000968      0x508 ./Drivers/STM32F4xx_HAL_Driver/Src/stm32f4xx_hal_cortex.o
 .debug_frame   0x00000e70      0x14c ./Drivers/STM32F4xx_HAL_Driver/Src/stm32f4xx_hal_gpio.o
 .debug_frame   0x00000fbc      0x1f4 ./Drivers/STM32F4xx_HAL_Driver/Src/stm32f4xx_hal_rcc.o
 .debug_frame   0x000011b0     0x11c0 ./Drivers/STM32F4xx_HAL_Driver/Src/stm32f4xx_hal_tim.o
 .debug_frame   0x00002370      0x638 ./Drivers/STM32F4xx_HAL_Driver/Src/stm32f4xx_hal_tim_ex.o
 .debug_frame   0x000029a8       0xd8 ./ThirdParty/FreeRTOS-Kernel/list.o
 .debug_frame   0x00002a80      0x55c ./ThirdParty/FreeRTOS-Kernel/queue.o
 .debug_frame   0x00002fdc      0x994 ./ThirdParty/FreeRTOS-Kernel/tasks.o
 .debug_frame   0x00003970      0x1a8 ./ThirdParty/FreeRTOS-Kernel/portable/GCC/ARM_CM4F/port.o
 .debug_frame   0x00003b18      0x194 ./ThirdParty/FreeRTOS-Kernel/portable/MemMang/heap_4.o
 .debug_frame   0x00003cac      0x144 C:/ST/STM32CubeIDE_1.19.0/STM32CubeIDE/plugins/com.st.stm32cube.ide.mcu.externaltools.gnu-tools-for-stm32.13.3.rel1.win32_1.0.0.202411081344/tools/bin/../lib/gcc/arm-none-eabi/13.3.1/../../../../arm-none-eabi/lib/thumb/v7e-m+fp/hard\libc_nano.a(libc_a-findfp.o)
 .debug_frame   0x00003df0       0x34 C:/ST/STM32CubeIDE_1.19.0/STM32CubeIDE/plugins/com.st.stm32cube.ide.mcu.externaltools.gnu-tools-for-stm32.13.3.rel1.win32_1.0.0.202411081344/tools/bin/../lib/gcc/arm-none-eabi/13.3.1/../../../../arm-none-eabi/lib/thumb/v7e-m+fp/hard\libc_nano.a(libc_a-fwalk.o)
 .debug_frame   0x00003e24       0x3c C:/ST/STM32CubeIDE_1.19.0/STM32CubeIDE/plugins/com.st.stm32cube.ide.mcu.externaltools.gnu-tools-for-stm32.13.3.rel1.win32_1.0.0.202411081344/tools/bin/../lib/gcc/arm-none-eabi/13.3.1/../../../../arm-none-eabi/lib/thumb/v7e-m+fp/hard\libc_nano.a(libc_a-puts.o)
 .debug_frame   0x00003e60       0x88 C:/ST/STM32CubeIDE_1.19.0/STM32CubeIDE/plugins/com.st.stm32cube.ide.mcu.externaltools.gnu-tools-for-stm32.13.3.rel1.win32_1.0.0.202411081344/tools/bin/../lib/gcc/arm-none-eabi/13.3.1/../../../../arm-none-eabi/lib/thumb/v7e-m+fp/hard\libc_nano.a(libc_a-stdio.o)
 .debug_frame   0x00003ee8       0x40 C:/ST/STM32CubeIDE_1.19.0/STM32CubeIDE/plugins/com.st.stm32cube.ide.mcu.externaltools.gnu-tools-for-stm32.13.3.rel1.win32_1.0.0.202411081344/tools/bin/../lib/gcc/arm-none-eabi/13.3.1/../../../../arm-none-eabi/lib/thumb/v7e-m+fp/hard\libc_nano.a(libc_a-wbuf.o)
 .debug_frame   0x00003f28       0x2c C:/ST/STM32CubeIDE_1.19.0/STM32CubeIDE/plugins/com.st.stm32cube.ide.mcu.externaltools.gnu-tools-for-stm32.13.3.rel1.win32_1.0.0.202411081344/tools/bin/../lib/gcc/arm-none-eabi/13.3.1/../../../../arm-none-eabi/lib/thumb/v7e-m+fp/hard\libc_nano.a(libc_a-wsetup.o)
 .debug_frame   0x00003f54       0x20 C:/ST/STM32CubeIDE_1.19.0/STM32CubeIDE/plugins/com.st.stm32cube.ide.mcu.externaltools.gnu-tools-for-stm32.13.3.rel1.win32_1.0.0.202411081344/tools/bin/../lib/gcc/arm-none-eabi/13.3.1/../../../../arm-none-eabi/lib/thumb/v7e-m+fp/hard\libc_nano.a(libc_a-memset.o)
 .debug_frame   0x00003f74       0x2c C:/ST/STM32CubeIDE_1.19.0/STM32CubeIDE/plugins/com.st.stm32cube.ide.mcu.externaltools.gnu-tools-for-stm32.13.3.rel1.win32_1.0.0.202411081344/tools/bin/../lib/gcc/arm-none-eabi/13.3.1/../../../../arm-none-eabi/lib/thumb/v7e-m+fp/hard\libc_nano.a(libc_a-closer.o)
 .debug_frame   0x00003fa0       0x38 C:/ST/STM32CubeIDE_1.19.0/STM32CubeIDE/plugins/com.st.stm32cube.ide.mcu.externaltools.gnu-tools-for-stm32.13.3.rel1.win32_1.0.0.202411081344/tools/bin/../lib/gcc/arm-none-eabi/13.3.1/../../../../arm-none-eabi/lib/thumb/v7e-m+fp/hard\libc_nano.a(libc_a-reent.o)