../Core/Src/main.c:87:13:RB_Push	16	static
../Core/Src/main.c:97:17:RB_Average	24	static
../Core/Src/main.c:109:6:HAL_ADC_ConvCpltCallback	16	static
../Core/Src/main.c:119:23:CalculateCRC	24	static
../Core/Src/main.c:127:6:HAL_UART_TxCpltCallback	16	static
../Core/Src/main.c:133:16:BuildMQ3Frame	24	static
../Core/Src/main.c:148:13:SendMQ3Frame	24	static
../Core/Src/main.c:165:5:main	16	static
../Core/Src/main.c:231:6:SystemClock_Config	88	static
../Core/Src/main.c:275:13:MX_ADC1_Init	24	static
../Core/Src/main.c:322:13:MX_TIM3_Init	32	static
../Core/Src/main.c:367:13:MX_USART2_UART_Init	8	static
../Core/Src/main.c:398:13:MX_DMA_Init	16	static
../Core/Src/main.c:419:13:MX_GPIO_Init	40	static
../Core/Src/main.c:464:6:Error_Handler	4	static,ignoring_inline_asm
