../Core/Src/main.c:87:13:RB_Push	2
../Core/Src/main.c:97:17:RB_Average	3
../Core/Src/main.c:109:6:HAL_ADC_ConvCpltCallback	2
../Core/Src/main.c:119:23:CalculateCRC	2
../Core/Src/main.c:127:6:HAL_UART_TxCpltCallback	2
../Core/Src/main.c:133:16:BuildMQ3Frame	1
../Core/Src/main.c:148:13:SendMQ3Frame	2
../Core/Src/main.c:165:5:main	3
../Core/Src/main.c:231:6:SystemClock_Config	4
../Core/Src/main.c:275:13:MX_ADC1_Init	3
../Core/Src/main.c:322:13:MX_TIM3_Init	4
../Core/Src/main.c:367:13:MX_USART2_UART_Init	2
../Core/Src/main.c:398:13:MX_DMA_Init	1
../Core/Src/main.c:419:13:MX_GPIO_Init	1
../Core/Src/main.c:464:6:Error_Handler	1
