../Core/Src/main.c:69:5:main	8	static
../Core/Src/main.c:114:6:SystemClock_Config	88	static
../Core/Src/main.c:161:13:MX_USART2_UART_Init	8	static
../Core/Src/main.c:194:13:MX_GPIO_Init	56	static
../Core/Src/main.c:334:6:UART2_Print	16	static
../Core/Src/main.c:346:16:button_pressed	8	static
../Core/Src/main.c:350:6:bootloader_selector	8	static
../Core/Src/main.c:376:6:main_boot_mode_1	8	static
../Core/Src/main.c:386:6:main_boot_mode_2	8	static
../Core/Src/main.c:403:6:Error_Handler	4	static,ignoring_inline_asm
