21:40:11 **** Incremental Build of configuration Debug for project blindled ****
make -j4 all 
arm-none-eabi-gcc "../Core/Src/main.c" -mcpu=cortex-m4 -std=gnu11 -g3 -DDEBUG -DUSE_HAL_DRIVER -DSTM32F407xx -c -I../Core/Inc -I../Drivers/STM32F4xx_HAL_Driver/Inc -I../Drivers/STM32F4xx_HAL_Driver/Inc/Legacy -I../Drivers/CMSIS/Device/ST/STM32F4xx/Include -I../Drivers/CMSIS/Include -O0 -ffunction-sections -fdata-sections -Wall -fstack-usage -fcyclomatic-complexity -MMD -MP -MF"Core/Src/main.d" -MT"Core/Src/main.o" --specs=nano.specs -mfpu=fpv4-sp-d16 -mfloat-abi=hard -mthumb -o "Core/Src/main.o"
../Core/Src/main.c: In function 'main':
../Core/Src/main.c:89:3: warning: implicit declaration of function 'MX_TIM4_Init'; did you mean 'MX_GPIO_Init'? [-Wimplicit-function-declaration]
   89 |   MX_TIM4_Init();
      |   ^~~~~~~~~~~~
      |   MX_GPIO_Init
../Core/Src/main.c:99:36: error: 'Button_Pin' undeclared (first use in this function); did you mean 'Button_1_Pin'?
   99 |         if(HAL_GPIO_WritePin(GPIOB,Button_Pin, GPIO_PIN_SET)){
      |                                    ^~~~~~~~~~
      |                                    Button_1_Pin
../Core/Src/main.c:99:36: note: each undeclared identifier is reported only once for each function it appears in
../Core/Src/main.c:164:13: error: invalid storage class for function 'MX_GPIO_Init'
  164 | static void MX_GPIO_Init(void)
      |             ^~~~~~~~~~~~
../Core/Src/main.c:385:1: error: expected declaration or statement at end of input
  385 | }
      | ^
../Core/Src/main.c: At top level:
../Core/Src/main.c:50:13: warning: 'MX_GPIO_Init' used but never defined
   50 | static void MX_GPIO_Init(void);
      |             ^~~~~~~~~~~~
../Core/Src/main.c:377:6: warning: 'Error_Handler' defined but not used [-Wunused-function]
  377 | void Error_Handler(void)
      |      ^~~~~~~~~~~~~
../Core/Src/main.c:359:6: warning: 'HAL_TIM_PeriodElapsedCallback' defined but not used [-Wunused-function]
  359 | void HAL_TIM_PeriodElapsedCallback(TIM_HandleTypeDef *htim)
      |      ^~~~~~~~~~~~~~~~~~~~~~~~~~~~~
../Core/Src/main.c:319:6: warning: 'HAL_GPIO_EXTI_Callback' defined but not used [-Wunused-function]
  319 | void HAL_GPIO_EXTI_Callback(uint16_t GPIO_Pin) {
      |      ^~~~~~~~~~~~~~~~~~~~~~
../Core/Src/main.c:314:6: warning: 'EXTI0_IRQHandler' defined but not used [-Wunused-function]
  314 | void EXTI0_IRQHandler(void) {
      |      ^~~~~~~~~~~~~~~~
../Core/Src/main.c:164:13: warning: 'MX_GPIO_Init' defined but not used [-Wunused-function]
  164 | static void MX_GPIO_Init(void)
      |             ^~~~~~~~~~~~
../Core/Src/main.c:111:6: warning: 'SystemClock_Config' defined but not used [-Wunused-function]
  111 | void SystemClock_Config(void)
      |      ^~~~~~~~~~~~~~~~~~
make: *** [Core/Src/subdir.mk:37: Core/Src/main.o] Error 1
"make -j4 all" terminated with exit code 2. Build might be incomplete.

21:40:12 Build Failed. 4 errors, 8 warnings. (took 1s.54ms)

