18:17:40 **** Incremental Build of configuration Debug for project ButtonHandler ****
make -j4 all 
arm-none-eabi-gcc "../Core/Src/main.c" -mcpu=cortex-m4 -std=gnu11 -g3 -DDEBUG -DUSE_HAL_DRIVER -DSTM32F407xx -c -I../Core/Inc -I"C:/Users/Quang Trung/STM32CubeIDE/workspace_1.19.0/FREERTOS_project/ThirdParty/FreeRTOS-Kernel" -I"C:/Users/Quang Trung/STM32CubeIDE/workspace_1.19.0/FREERTOS_project/ThirdParty/FreeRTOS-Kernel/include" -I"C:/Users/Quang Trung/STM32CubeIDE/workspace_1.19.0/FREERTOS_project/ThirdParty/FreeRTOS-Kernel/portable/GCC/ARM_CM4F" -I"C:/Users/Quang Trung/STM32CubeIDE/workspace_1.19.0/FREERTOS_project/ThirdParty/FreeRTOS-Kernel/portable/MemMang" -I../Drivers/STM32F4xx_HAL_Driver/Inc -I../Drivers/STM32F4xx_HAL_Driver/Inc/Legacy -I../Drivers/CMSIS/Device/ST/STM32F4xx/Include -I../Drivers/CMSIS/Include -O0 -ffunction-sections -fdata-sections -Wall -fstack-usage -fcyclomatic-complexity -MMD -MP -MF"Core/Src/main.d" -MT"Core/Src/main.o" --specs=nano.specs -mfpu=fpv4-sp-d16 -mfloat-abi=hard -mthumb -o "Core/Src/main.o"
../Core/Src/main.c: In function 'task1_handler':
../Core/Src/main.c:353:17: warning: implicit declaration of function 'printf' [-Wimplicit-function-declaration]
  353 |                 printf("%s\n", (char*)parameters);
      |                 ^~~~~~
../Core/Src/main.c:27:1: note: include '<stdio.h>' or provide a declaration of 'printf'
   26 | #include "queue.h"
  +++ |+#include <stdio.h>
   27 | /* USER CODE END Includes */
../Core/Src/main.c:353:17: warning: incompatible implicit declaration of built-in function 'printf' [-Wbuiltin-declaration-mismatch]
  353 |                 printf("%s\n", (char*)parameters);
      |                 ^~~~~~
../Core/Src/main.c:353:17: note: include '<stdio.h>' or provide a declaration of 'printf'
../Core/Src/main.c: In function 'task2_handler':
../Core/Src/main.c:362:17: warning: incompatible implicit declaration of built-in function 'printf' [-Wbuiltin-declaration-mismatch]
  362 |                 printf("%s\n", (char*)parameters);
      |                 ^~~~~~
../Core/Src/main.c:362:17: note: include '<stdio.h>' or provide a declaration of 'printf'
arm-none-eabi-gcc -o "ButtonHandler.elf" @"objects.list"   -mcpu=cortex-m4 -T"C:\Users\Quang Trung\STM32CubeIDE\workspace_1.19.0\FREERTOS_project\STM32F407VGTX_FLASH.ld" --specs=nosys.specs -Wl,-Map="ButtonHandler.map" -Wl,--gc-sections -static --specs=nano.specs -mfpu=fpv4-sp-d16 -mfloat-abi=hard -mthumb -Wl,--start-group -lc -lm -Wl,--end-group
Finished building target: ButtonHandler.elf
 
arm-none-eabi-size  ButtonHandler.elf 
arm-none-eabi-objdump -h -S ButtonHandler.elf  > "ButtonHandler.list"
   text	   data	    bss	    dec	    hex	filename
  20216	    108	  79084	  99408	  18450	ButtonHandler.elf
Finished building: default.size.stdout
 
Finished building: ButtonHandler.list
 

18:18:00 Build Finished. 0 errors, 3 warnings. (took 19s.423ms)

