18:30:15 **** Build of configuration Debug for project F103Handler ****
make -j4 all 
arm-none-eabi-gcc "../Core/Src/main.c" -mcpu=cortex-m3 -std=gnu11 -g3 -DDEBUG -DUSE_HAL_DRIVER -DSTM32F103xB -c -I../Core/Inc -I../Drivers/STM32F1xx_HAL_Driver/Inc -I../Drivers/STM32F1xx_HAL_Driver/Inc/Legacy -I../Drivers/CMSIS/Device/ST/STM32F1xx/Include -I../Drivers/CMSIS/Include -O0 -ffunction-sections -fdata-sections -Wall -fstack-usage -fcyclomatic-complexity -MMD -MP -MF"Core/Src/main.d" -MT"Core/Src/main.o" --specs=nano.specs -mfloat-abi=soft -mthumb -o "Core/Src/main.o"
arm-none-eabi-gcc -o "F103Handler.elf" @"objects.list"   -mcpu=cortex-m3 -T"C:\Users\Quang Trung\STM32CubeIDE\workspace_1.19.0\F103Handler\STM32F103C8TX_FLASH.ld" --specs=nosys.specs -Wl,-Map="F103Handler.map" -Wl,--gc-sections -static --specs=nano.specs -mfloat-abi=soft -mthumb -Wl,--start-group -lc -lm -Wl,--end-group
Finished building target: F103Handler.elf
 
arm-none-eabi-size  F103Handler.elf 
arm-none-eabi-objdump -h -S F103Handler.elf  > "F103Handler.list"
   text	   data	    bss	    dec	    hex	filename
   6212	     12	   1644	   7868	   1ebc	F103Handler.elf
Finished building: default.size.stdout
 
Finished building: F103Handler.list
 

18:30:18 Build Finished. 0 errors, 0 warnings. (took 2s.576ms)

