18:31:37 **** Incremental Build of configuration Debug for project servo_control ****
make -j4 all 
arm-none-eabi-gcc "../Core/Src/main.c" -mcpu=cortex-m4 -std=gnu11 -g3 -DDEBUG -DUSE_HAL_DRIVER -DSTM32F407xx -c -I../Core/Inc -I../Drivers/STM32F4xx_HAL_Driver/Inc -I../Drivers/STM32F4xx_HAL_Driver/Inc/Legacy -I../Drivers/CMSIS/Device/ST/STM32F4xx/Include -I../Drivers/CMSIS/Include -O0 -ffunction-sections -fdata-sections -Wall -fstack-usage -fcyclomatic-complexity -MMD -MP -MF"Core/Src/main.d" -MT"Core/Src/main.o" --specs=nano.specs -mfpu=fpv4-sp-d16 -mfloat-abi=hard -mthumb -o "Core/Src/main.o"
arm-none-eabi-gcc -o "servo_control.elf" @"objects.list"   -mcpu=cortex-m4 -T"C:\Users\Quang Trung\STM32CubeIDE\workspace_1.19.0\123\STM32F407VGTX_FLASH.ld" --specs=nosys.specs -Wl,-Map="servo_control.map" -Wl,--gc-sections -static --specs=nano.specs -mfpu=fpv4-sp-d16 -mfloat-abi=hard -mthumb -Wl,--start-group -lc -lm -Wl,--end-group
Finished building target: servo_control.elf
 
arm-none-eabi-size  servo_control.elf 
arm-none-eabi-objdump -h -S servo_control.elf  > "servo_control.list"
   text	   data	    bss	    dec	    hex	filename
  14932	     16	   1728	  16676	   4124	servo_control.elf
Finished building: default.size.stdout
 
Finished building: servo_control.list
 

18:31:38 Build Finished. 0 errors, 0 warnings. (took 1s.527ms)

